[2026-06-05 00:05:02Z INFO HostContext] No proxy settings were found based on environmental variables (http_proxy/https_proxy/HTTP_PROXY/HTTPS_PROXY)
[2026-06-05 00:05:02Z INFO HostContext] Well known directory 'Bin': 'D:\funity\Test1\actions-runner\bin'
[2026-06-05 00:05:02Z INFO HostContext] Well known directory 'Root': 'D:\funity\Test1\actions-runner'
[2026-06-05 00:05:02Z INFO HostContext] Well known config file 'Credentials': 'D:\funity\Test1\actions-runner\.credentials'
[2026-06-05 00:05:02Z INFO HostContext] Well known directory 'Bin': 'D:\funity\Test1\actions-runner\bin'
[2026-06-05 00:05:02Z INFO HostContext] Well known directory 'Root': 'D:\funity\Test1\actions-runner'
[2026-06-05 00:05:02Z INFO HostContext] Well known config file 'Runner': 'D:\funity\Test1\actions-runner\.runner'
[2026-06-05 00:05:02Z INFO Listener] Runner is built for Windows (X64) - win-x64.
[2026-06-05 00:05:02Z INFO Listener] RuntimeInformation: Microsoft Windows 10.0.19045.
[2026-06-05 00:05:02Z INFO Listener] Version: 2.334.0
[2026-06-05 00:05:02Z INFO Listener] Commit: f1995ede5d885c997d13d8eca5467c4ce97fe69c
[2026-06-05 00:05:02Z INFO Listener] Culture: ko-KR
[2026-06-05 00:05:02Z INFO Listener] UI Culture: ko-KR
[2026-06-05 00:05:02Z INFO HostContext] Well known directory 'Bin': 'D:\funity\Test1\actions-runner\bin'
[2026-06-05 00:05:02Z INFO HostContext] Well known directory 'Root': 'D:\funity\Test1\actions-runner'
[2026-06-05 00:05:02Z INFO Listener] Validating directory permissions for: 'D:\funity\Test1\actions-runner'
[2026-06-05 00:05:02Z INFO CommandLineParser] Parse
[2026-06-05 00:05:02Z INFO CommandLineParser] Parsing 1 args
[2026-06-05 00:05:02Z INFO CommandLineParser] parsing argument
[2026-06-05 00:05:02Z INFO CommandLineParser] HasArgs: False
[2026-06-05 00:05:02Z INFO CommandLineParser] Adding Command: run
[2026-06-05 00:05:02Z INFO Listener] Arguments parsed
[2026-06-05 00:05:02Z INFO Runner] ExecuteCommand
[2026-06-05 00:05:02Z INFO ConfigurationStore] currentAssemblyLocation: D:\funity\Test1\actions-runner\bin\Runner.Listener.dll
[2026-06-05 00:05:02Z INFO HostContext] Well known directory 'Bin': 'D:\funity\Test1\actions-runner\bin'
[2026-06-05 00:05:02Z INFO ConfigurationStore] binPath: D:\funity\Test1\actions-runner\bin
[2026-06-05 00:05:02Z INFO HostContext] Well known directory 'Bin': 'D:\funity\Test1\actions-runner\bin'
[2026-06-05 00:05:02Z INFO HostContext] Well known directory 'Root': 'D:\funity\Test1\actions-runner'
[2026-06-05 00:05:02Z INFO ConfigurationStore] RootFolder: D:\funity\Test1\actions-runner
[2026-06-05 00:05:02Z INFO HostContext] Well known directory 'Bin': 'D:\funity\Test1\actions-runner\bin'
[2026-06-05 00:05:02Z INFO HostContext] Well known directory 'Root': 'D:\funity\Test1\actions-runner'
[2026-06-05 00:05:02Z INFO HostContext] Well known config file 'Runner': 'D:\funity\Test1\actions-runner\.runner'
[2026-06-05 00:05:02Z INFO ConfigurationStore] ConfigFilePath: D:\funity\Test1\actions-runner\.runner
[2026-06-05 00:05:02Z INFO HostContext] Well known directory 'Bin': 'D:\funity\Test1\actions-runner\bin'
[2026-06-05 00:05:02Z INFO HostContext] Well known directory 'Root': 'D:\funity\Test1\actions-runner'
[2026-06-05 00:05:02Z INFO HostContext] Well known config file 'MigratedRunner': 'D:\funity\Test1\actions-runner\.runner_migrated'
[2026-06-05 00:05:02Z INFO ConfigurationStore] MigratedConfigFilePath: D:\funity\Test1\actions-runner\.runner_migrated
[2026-06-05 00:05:02Z INFO HostContext] Well known directory 'Bin': 'D:\funity\Test1\actions-runner\bin'
[2026-06-05 00:05:02Z INFO HostContext] Well known directory 'Root': 'D:\funity\Test1\actions-runner'
[2026-06-05 00:05:02Z INFO HostContext] Well known config file 'Credentials': 'D:\funity\Test1\actions-runner\.credentials'
[2026-06-05 00:05:02Z INFO ConfigurationStore] CredFilePath: D:\funity\Test1\actions-runner\.credentials
[2026-06-05 00:05:02Z INFO HostContext] Well known directory 'Bin': 'D:\funity\Test1\actions-runner\bin'
[2026-06-05 00:05:02Z INFO HostContext] Well known directory 'Root': 'D:\funity\Test1\actions-runner'
[2026-06-05 00:05:02Z INFO HostContext] Well known config file 'MigratedCredentials': 'D:\funity\Test1\actions-runner\.credentials_migrated'
[2026-06-05 00:05:02Z INFO ConfigurationStore] MigratedCredFilePath: D:\funity\Test1\actions-runner\.credentials_migrated
[2026-06-05 00:05:02Z INFO HostContext] Well known directory 'Bin': 'D:\funity\Test1\actions-runner\bin'
[2026-06-05 00:05:02Z INFO HostContext] Well known directory 'Root': 'D:\funity\Test1\actions-runner'
[2026-06-05 00:05:02Z INFO HostContext] Well known config file 'Service': 'D:\funity\Test1\actions-runner\.service'
[2026-06-05 00:05:02Z INFO ConfigurationStore] ServiceConfigFilePath: D:\funity\Test1\actions-runner\.service
[2026-06-05 00:05:02Z INFO CommandSettings] Flag 'help': 'False'
[2026-06-05 00:05:02Z INFO CommandSettings] Flag 'version': 'False'
[2026-06-05 00:05:02Z INFO CommandSettings] Flag 'commit': 'False'
[2026-06-05 00:05:02Z INFO CommandSettings] Flag 'check': 'False'
[2026-06-05 00:05:02Z INFO CommandSettings] Command 'configure': 'False'
[2026-06-05 00:05:02Z INFO CommandSettings] Command 'remove': 'False'
[2026-06-05 00:05:02Z INFO CommandSettings] Command 'warmup': 'False'
[2026-06-05 00:05:02Z INFO ConfigurationManager] LoadSettings
[2026-06-05 00:05:02Z INFO ConfigurationStore] IsConfigured()
[2026-06-05 00:05:02Z INFO ConfigurationStore] IsConfigured: True
[2026-06-05 00:05:02Z INFO ConfigurationManager] Is configured: True
[2026-06-05 00:05:02Z INFO ConfigurationStore] Read setting file: 418 chars
[2026-06-05 00:05:02Z INFO ConfigurationManager] Settings Loaded
[2026-06-05 00:05:02Z INFO ConfigurationStore] IsServiceConfigured()
[2026-06-05 00:05:02Z INFO ConfigurationStore] IsServiceConfigured: False
[2026-06-05 00:05:02Z INFO CommandSettings] Command 'run': 'True'
[2026-06-05 00:05:02Z INFO ConfigurationStore] IsConfigured()
[2026-06-05 00:05:02Z INFO ConfigurationStore] IsConfigured: True
[2026-06-05 00:05:02Z INFO ConfigurationManager] Is configured: True
[2026-06-05 00:05:02Z INFO Runner] Could not parse the argument value '' for StartupType. Defaulting to Manual
[2026-06-05 00:05:02Z INFO Runner] Set runner startup type - Manual
[2026-06-05 00:05:02Z INFO CommandSettings] Flag 'once': 'False'
[2026-06-05 00:05:02Z INFO CommandSettings] Flag 'once': 'False'
[2026-06-05 00:05:02Z INFO Runner] RunAsync
[2026-06-05 00:05:02Z INFO HostContext] Well known directory 'Bin': 'D:\funity\Test1\actions-runner\bin'
[2026-06-05 00:05:02Z INFO HostContext] Well known directory 'Root': 'D:\funity\Test1\actions-runner'
[2026-06-05 00:05:02Z INFO HostContext] Well known directory 'Work': 'D:\funity\Test1\actions-runner\_work'
[2026-06-05 00:05:02Z INFO Runner] Validating directory permissions for: 'D:\funity\Test1\actions-runner\_work'
[2026-06-05 00:05:02Z INFO ConfigurationManager] LoadMigratedSettings
[2026-06-05 00:05:02Z INFO ConfigurationStore] IsMigratedConfigured()
[2026-06-05 00:05:02Z INFO ConfigurationStore] IsMigratedConfigured: False
[2026-06-05 00:05:02Z INFO Runner] Failed to load migrated settings: No migrated configuration found.
[2026-06-05 00:05:02Z INFO Runner] Falling back to original .runner settings
[2026-06-05 00:05:02Z INFO Runner] Using BrokerMessageListener
[2026-06-05 00:05:02Z INFO BrokerMessageListener] Using provided settings
[2026-06-05 00:05:02Z INFO BrokerMessageListener] {
  "AgentId": 2,
  "AgentName": "DESKTOP-QQ1F8RH",
  "PoolId": 1,
  "PoolName": "Default",
  "ServerUrl": "https://pipelinesghubeus26.actions.githubusercontent.com/nuE4o9r1grKiPPVMC9oNfDhREJbxg1rxN9EUm35iq1N1jZbRnp/",
  "GitHubUrl": "https://github.com/MunChaeWon/unity-qa-automation-pipeline",
  "WorkFolder": "_work",
  "UseV2Flow": true,
  "ServerUrlV2": "https://broker.actions.githubusercontent.com/"
}
[2026-06-05 00:05:02Z INFO BrokerMessageListener] Loading Credentials
[2026-06-05 00:05:02Z INFO ConfigurationStore] HasCredentials()
[2026-06-05 00:05:02Z INFO ConfigurationStore] stored True
[2026-06-05 00:05:02Z INFO CredentialManager] GetCredentialProvider
[2026-06-05 00:05:02Z INFO CredentialManager] Creating type OAuth
[2026-06-05 00:05:02Z INFO CredentialManager] Creating credential type: OAuth
[2026-06-05 00:05:02Z INFO HostContext] Well known directory 'Bin': 'D:\funity\Test1\actions-runner\bin'
[2026-06-05 00:05:02Z INFO HostContext] Well known directory 'Root': 'D:\funity\Test1\actions-runner'
[2026-06-05 00:05:02Z INFO HostContext] Well known config file 'RSACredentials': 'D:\funity\Test1\actions-runner\.credentials_rsaparams'
[2026-06-05 00:05:02Z INFO RSAEncryptedFileKeyManager] Loading RSA key parameters from file D:\funity\Test1\actions-runner\.credentials_rsaparams
[2026-06-05 00:05:02Z INFO BrokerMessageListener] Attempt to create session.
[2026-06-05 00:05:02Z INFO BrokerMessageListener] Connecting to the Broker Server...
[2026-06-05 00:05:02Z INFO ConfigurationStore] HasCredentials()
[2026-06-05 00:05:02Z INFO ConfigurationStore] stored True
[2026-06-05 00:05:02Z INFO CredentialManager] GetCredentialProvider
[2026-06-05 00:05:02Z INFO CredentialManager] Creating type OAuth
[2026-06-05 00:05:02Z INFO CredentialManager] Creating credential type: OAuth
[2026-06-05 00:05:02Z INFO RSAEncryptedFileKeyManager] Loading RSA key parameters from file D:\funity\Test1\actions-runner\.credentials_rsaparams
[2026-06-05 00:05:02Z INFO BrokerMessageListener] VssConnection created
[2026-06-05 00:05:02Z INFO BrokerMessageListener] Connecting to the Runner server...
[2026-06-05 00:05:02Z INFO RunnerServer] EstablishVssConnection
[2026-06-05 00:05:02Z INFO RunnerServer] Establish connection with 100 seconds timeout.
[2026-06-05 00:05:03Z INFO GitHubActionsService] Starting operation Location.GetConnectionData
[2026-06-05 00:05:03Z INFO RunnerServer] EstablishVssConnection
[2026-06-05 00:05:03Z INFO RunnerServer] Establish connection with 60 seconds timeout.
[2026-06-05 00:05:03Z INFO GitHubActionsService] Starting operation Location.GetConnectionData
[2026-06-05 00:05:03Z INFO RunnerServer] EstablishVssConnection
[2026-06-05 00:05:03Z INFO RunnerServer] Establish connection with 60 seconds timeout.
[2026-06-05 00:05:03Z INFO GitHubActionsService] Starting operation Location.GetConnectionData
[2026-06-05 00:05:03Z INFO GitHubActionsService] Finished operation Location.GetConnectionData
[2026-06-05 00:05:03Z INFO GitHubActionsService] Finished operation Location.GetConnectionData
[2026-06-05 00:05:03Z INFO GitHubActionsService] Finished operation Location.GetConnectionData
[2026-06-05 00:05:03Z INFO BrokerMessageListener] VssConnection created
[2026-06-05 00:05:03Z INFO Terminal] WRITE LINE: 
[2026-06-05 00:05:03Z INFO Terminal] WRITE LINE: 
[2026-06-05 00:05:03Z INFO RSAEncryptedFileKeyManager] Loading RSA key parameters from file D:\funity\Test1\actions-runner\.credentials_rsaparams
[2026-06-05 00:05:03Z INFO RSAEncryptedFileKeyManager] Loading RSA key parameters from file D:\funity\Test1\actions-runner\.credentials_rsaparams
[2026-06-05 00:05:04Z INFO GitHubActionsService] AAD Correlation ID for this token request: Unknown
[2026-06-05 00:05:05Z ERR  GitHubActionsService] POST request to https://broker.actions.githubusercontent.com/session failed. HTTP Status: Conflict
[2026-06-05 00:05:05Z ERR  BrokerMessageListener] Catch exception during create session.
[2026-06-05 00:05:05Z ERR  BrokerMessageListener] GitHub.DistributedTask.WebApi.TaskAgentSessionConflictException: Error: Conflict
   at GitHub.Actions.RunService.WebApi.BrokerHttpClient.CreateSessionAsync(TaskAgentSession session, CancellationToken cancellationToken)
   at GitHub.Runner.Common.BrokerServer.CreateSessionAsync(TaskAgentSession session, CancellationToken cancellationToken)
   at GitHub.Runner.Listener.BrokerMessageListener.CreateSessionAsync(CancellationToken token)
[2026-06-05 00:05:05Z INFO BrokerMessageListener] The session for this runner already exists.
[2026-06-05 00:05:05Z ERR  Terminal] WRITE ERROR: A session for this runner already exists.
[2026-06-05 00:05:05Z INFO BrokerMessageListener] The session conflict exception haven't reached retry limit.
[2026-06-05 00:05:05Z ERR  Terminal] WRITE ERROR: 2026-06-05 00:05:05Z: Runner connect error: Error: Conflict. Retrying until reconnected.
[2026-06-05 00:05:05Z INFO BrokerMessageListener] Sleeping for 30 seconds before retrying.
[2026-06-05 00:05:35Z INFO BrokerMessageListener] Attempt to create session.
[2026-06-05 00:05:35Z INFO BrokerMessageListener] Connecting to the Broker Server...
[2026-06-05 00:05:35Z INFO ConfigurationStore] HasCredentials()
[2026-06-05 00:05:35Z INFO ConfigurationStore] stored True
[2026-06-05 00:05:35Z INFO CredentialManager] GetCredentialProvider
[2026-06-05 00:05:35Z INFO CredentialManager] Creating type OAuth
[2026-06-05 00:05:35Z INFO CredentialManager] Creating credential type: OAuth
[2026-06-05 00:05:35Z INFO RSAEncryptedFileKeyManager] Loading RSA key parameters from file D:\funity\Test1\actions-runner\.credentials_rsaparams
[2026-06-05 00:05:35Z INFO BrokerMessageListener] VssConnection created
[2026-06-05 00:05:35Z INFO BrokerMessageListener] Connecting to the Runner server...
[2026-06-05 00:05:35Z INFO RunnerServer] EstablishVssConnection
[2026-06-05 00:05:35Z INFO RunnerServer] Establish connection with 100 seconds timeout.
[2026-06-05 00:05:35Z INFO GitHubActionsService] Starting operation Location.GetConnectionData
[2026-06-05 00:05:35Z INFO RunnerServer] EstablishVssConnection
[2026-06-05 00:05:35Z INFO RunnerServer] Establish connection with 60 seconds timeout.
[2026-06-05 00:05:35Z INFO GitHubActionsService] Starting operation Location.GetConnectionData
[2026-06-05 00:05:35Z INFO RunnerServer] EstablishVssConnection
[2026-06-05 00:05:35Z INFO RunnerServer] Establish connection with 60 seconds timeout.
[2026-06-05 00:05:35Z INFO GitHubActionsService] Starting operation Location.GetConnectionData
[2026-06-05 00:05:36Z INFO GitHubActionsService] Finished operation Location.GetConnectionData
[2026-06-05 00:05:36Z INFO GitHubActionsService] Finished operation Location.GetConnectionData
[2026-06-05 00:05:36Z INFO GitHubActionsService] Finished operation Location.GetConnectionData
[2026-06-05 00:05:36Z INFO BrokerMessageListener] VssConnection created
[2026-06-05 00:05:36Z INFO Terminal] WRITE LINE: 
[2026-06-05 00:05:36Z INFO Terminal] WRITE LINE: 
[2026-06-05 00:05:36Z INFO RSAEncryptedFileKeyManager] Loading RSA key parameters from file D:\funity\Test1\actions-runner\.credentials_rsaparams
[2026-06-05 00:05:36Z INFO RSAEncryptedFileKeyManager] Loading RSA key parameters from file D:\funity\Test1\actions-runner\.credentials_rsaparams
[2026-06-05 00:05:37Z INFO GitHubActionsService] AAD Correlation ID for this token request: Unknown
[2026-06-05 00:05:38Z ERR  GitHubActionsService] POST request to https://broker.actions.githubusercontent.com/session failed. HTTP Status: Conflict
[2026-06-05 00:05:38Z ERR  BrokerMessageListener] Catch exception during create session.
[2026-06-05 00:05:38Z ERR  BrokerMessageListener] GitHub.DistributedTask.WebApi.TaskAgentSessionConflictException: Error: Conflict
   at GitHub.Actions.RunService.WebApi.BrokerHttpClient.CreateSessionAsync(TaskAgentSession session, CancellationToken cancellationToken)
   at GitHub.Runner.Common.BrokerServer.CreateSessionAsync(TaskAgentSession session, CancellationToken cancellationToken)
   at GitHub.Runner.Listener.BrokerMessageListener.CreateSessionAsync(CancellationToken token)
[2026-06-05 00:05:38Z INFO BrokerMessageListener] The session for this runner already exists.
[2026-06-05 00:05:38Z ERR  Terminal] WRITE ERROR: A session for this runner already exists.
[2026-06-05 00:05:38Z INFO BrokerMessageListener] The session conflict exception haven't reached retry limit.
[2026-06-05 00:05:38Z INFO BrokerMessageListener] Sleeping for 30 seconds before retrying.
[2026-06-05 00:06:08Z INFO BrokerMessageListener] Attempt to create session.
[2026-06-05 00:06:08Z INFO BrokerMessageListener] Connecting to the Broker Server...
[2026-06-05 00:06:08Z INFO ConfigurationStore] HasCredentials()
[2026-06-05 00:06:08Z INFO ConfigurationStore] stored True
[2026-06-05 00:06:08Z INFO CredentialManager] GetCredentialProvider
[2026-06-05 00:06:08Z INFO CredentialManager] Creating type OAuth
[2026-06-05 00:06:08Z INFO CredentialManager] Creating credential type: OAuth
[2026-06-05 00:06:08Z INFO RSAEncryptedFileKeyManager] Loading RSA key parameters from file D:\funity\Test1\actions-runner\.credentials_rsaparams
[2026-06-05 00:06:08Z INFO BrokerMessageListener] VssConnection created
[2026-06-05 00:06:08Z INFO BrokerMessageListener] Connecting to the Runner server...
[2026-06-05 00:06:08Z INFO RunnerServer] EstablishVssConnection
[2026-06-05 00:06:08Z INFO RunnerServer] Establish connection with 100 seconds timeout.
[2026-06-05 00:06:08Z INFO GitHubActionsService] Starting operation Location.GetConnectionData
[2026-06-05 00:06:08Z INFO RunnerServer] EstablishVssConnection
[2026-06-05 00:06:08Z INFO RunnerServer] Establish connection with 60 seconds timeout.
[2026-06-05 00:06:08Z INFO GitHubActionsService] Starting operation Location.GetConnectionData
[2026-06-05 00:06:08Z INFO RunnerServer] EstablishVssConnection
[2026-06-05 00:06:08Z INFO RunnerServer] Establish connection with 60 seconds timeout.
[2026-06-05 00:06:08Z INFO GitHubActionsService] Starting operation Location.GetConnectionData
[2026-06-05 00:06:08Z INFO GitHubActionsService] Finished operation Location.GetConnectionData
[2026-06-05 00:06:08Z INFO GitHubActionsService] Finished operation Location.GetConnectionData
[2026-06-05 00:06:14Z INFO GitHubActionsService] Finished operation Location.GetConnectionData
[2026-06-05 00:06:14Z INFO BrokerMessageListener] VssConnection created
[2026-06-05 00:06:14Z INFO Terminal] WRITE LINE: 
[2026-06-05 00:06:14Z INFO Terminal] WRITE LINE: 
[2026-06-05 00:06:14Z INFO RSAEncryptedFileKeyManager] Loading RSA key parameters from file D:\funity\Test1\actions-runner\.credentials_rsaparams
[2026-06-05 00:06:14Z INFO RSAEncryptedFileKeyManager] Loading RSA key parameters from file D:\funity\Test1\actions-runner\.credentials_rsaparams
[2026-06-05 00:06:15Z INFO GitHubActionsService] AAD Correlation ID for this token request: Unknown
[2026-06-05 00:06:15Z ERR  GitHubActionsService] POST request to https://broker.actions.githubusercontent.com/session failed. HTTP Status: Conflict
[2026-06-05 00:06:15Z ERR  BrokerMessageListener] Catch exception during create session.
[2026-06-05 00:06:15Z ERR  BrokerMessageListener] GitHub.DistributedTask.WebApi.TaskAgentSessionConflictException: Error: Conflict
   at GitHub.Actions.RunService.WebApi.BrokerHttpClient.CreateSessionAsync(TaskAgentSession session, CancellationToken cancellationToken)
   at GitHub.Runner.Common.BrokerServer.CreateSessionAsync(TaskAgentSession session, CancellationToken cancellationToken)
   at GitHub.Runner.Listener.BrokerMessageListener.CreateSessionAsync(CancellationToken token)
[2026-06-05 00:06:15Z INFO BrokerMessageListener] The session for this runner already exists.
[2026-06-05 00:06:15Z ERR  Terminal] WRITE ERROR: A session for this runner already exists.
[2026-06-05 00:06:15Z INFO BrokerMessageListener] The session conflict exception haven't reached retry limit.
[2026-06-05 00:06:15Z INFO BrokerMessageListener] Sleeping for 30 seconds before retrying.
[2026-06-05 00:06:45Z INFO BrokerMessageListener] Attempt to create session.
[2026-06-05 00:06:45Z INFO BrokerMessageListener] Connecting to the Broker Server...
[2026-06-05 00:06:45Z INFO ConfigurationStore] HasCredentials()
[2026-06-05 00:06:45Z INFO ConfigurationStore] stored True
[2026-06-05 00:06:45Z INFO CredentialManager] GetCredentialProvider
[2026-06-05 00:06:45Z INFO CredentialManager] Creating type OAuth
[2026-06-05 00:06:45Z INFO CredentialManager] Creating credential type: OAuth
[2026-06-05 00:06:45Z INFO RSAEncryptedFileKeyManager] Loading RSA key parameters from file D:\funity\Test1\actions-runner\.credentials_rsaparams
[2026-06-05 00:06:45Z INFO BrokerMessageListener] VssConnection created
[2026-06-05 00:06:45Z INFO BrokerMessageListener] Connecting to the Runner server...
[2026-06-05 00:06:45Z INFO RunnerServer] EstablishVssConnection
[2026-06-05 00:06:45Z INFO RunnerServer] Establish connection with 100 seconds timeout.
[2026-06-05 00:06:45Z INFO GitHubActionsService] Starting operation Location.GetConnectionData
[2026-06-05 00:06:45Z INFO RunnerServer] EstablishVssConnection
[2026-06-05 00:06:45Z INFO RunnerServer] Establish connection with 60 seconds timeout.
[2026-06-05 00:06:45Z INFO GitHubActionsService] Starting operation Location.GetConnectionData
[2026-06-05 00:06:45Z INFO RunnerServer] EstablishVssConnection
[2026-06-05 00:06:45Z INFO RunnerServer] Establish connection with 60 seconds timeout.
[2026-06-05 00:06:45Z INFO GitHubActionsService] Starting operation Location.GetConnectionData
[2026-06-05 00:06:46Z INFO GitHubActionsService] Finished operation Location.GetConnectionData
[2026-06-05 00:06:46Z INFO GitHubActionsService] Finished operation Location.GetConnectionData
[2026-06-05 00:06:46Z INFO GitHubActionsService] Finished operation Location.GetConnectionData
[2026-06-05 00:06:46Z INFO BrokerMessageListener] VssConnection created
[2026-06-05 00:06:46Z INFO Terminal] WRITE LINE: 
[2026-06-05 00:06:46Z INFO Terminal] WRITE LINE: 
[2026-06-05 00:06:46Z INFO RSAEncryptedFileKeyManager] Loading RSA key parameters from file D:\funity\Test1\actions-runner\.credentials_rsaparams
[2026-06-05 00:06:46Z INFO RSAEncryptedFileKeyManager] Loading RSA key parameters from file D:\funity\Test1\actions-runner\.credentials_rsaparams
[2026-06-05 00:06:47Z INFO GitHubActionsService] AAD Correlation ID for this token request: Unknown
[2026-06-05 00:06:48Z INFO BrokerMessageListener] Session created.
[2026-06-05 00:06:48Z INFO Terminal] WRITE LINE: 2026-06-05 00:06:48Z: Runner reconnected.
[2026-06-05 00:06:48Z INFO Terminal] WRITE LINE: Current runner version: '2.334.0'
[2026-06-05 00:06:48Z INFO Terminal] WRITE LINE: 2026-06-05 00:06:48Z: Listening for Jobs
[2026-06-05 00:06:48Z INFO JobDispatcher] Set runner/worker IPC timeout to 30 seconds.
[2026-06-05 00:10:20Z INFO BrokerMessageListener] Acknowledging runner request '00f96612-47c1-5f7c-8b55-efd85f61d161'.
[2026-06-05 00:10:20Z INFO ConfigurationStore] HasCredentials()
[2026-06-05 00:10:20Z INFO ConfigurationStore] stored True
[2026-06-05 00:10:20Z INFO CredentialManager] GetCredentialProvider
[2026-06-05 00:10:20Z INFO CredentialManager] Creating type OAuth
[2026-06-05 00:10:20Z INFO CredentialManager] Creating credential type: OAuth
[2026-06-05 00:10:20Z INFO RSAEncryptedFileKeyManager] Loading RSA key parameters from file D:\funity\Test1\actions-runner\.credentials_rsaparams
[2026-06-05 00:10:20Z INFO RSAEncryptedFileKeyManager] Loading RSA key parameters from file D:\funity\Test1\actions-runner\.credentials_rsaparams
[2026-06-05 00:10:20Z INFO RSAEncryptedFileKeyManager] Loading RSA key parameters from file D:\funity\Test1\actions-runner\.credentials_rsaparams
[2026-06-05 00:10:21Z INFO GitHubActionsService] AAD Correlation ID for this token request: Unknown
[2026-06-05 00:10:22Z INFO JobDispatcher] Job request 0 for plan 2847431b-40c2-44e7-adbf-8e564a5402a3 job 00f96612-47c1-5f7c-8b55-efd85f61d161 received.
[2026-06-05 00:10:22Z INFO JobDispatcher] Pull OrchestrationId 2847431b-40c2-44e7-adbf-8e564a5402a3.run-regression-tests.__default from JWT claims
[2026-06-05 00:10:22Z INFO BrokerMessageListener] Received job status event. JobState: Busy
[2026-06-05 00:10:22Z INFO BrokerMessageListener] _getMessagesTokenSource is already disposed.
[2026-06-05 00:10:22Z INFO Terminal] WRITE LINE: 2026-06-05 00:10:22Z: Running job: run-regression-tests
[2026-06-05 00:10:22Z INFO JobDispatcher] Start renew job request 0 for job 00f96612-47c1-5f7c-8b55-efd85f61d161.
[2026-06-05 00:10:23Z INFO JobDispatcher] Successfully renew job 00f96612-47c1-5f7c-8b55-efd85f61d161, job is valid till 2026-06-05 오전 12:20:24
[2026-06-05 00:10:23Z INFO HostContext] Well known directory 'Bin': 'D:\funity\Test1\actions-runner\bin'
[2026-06-05 00:10:23Z INFO ProcessInvokerWrapper] Starting process:
[2026-06-05 00:10:23Z INFO ProcessInvokerWrapper]   File name: 'D:\funity\Test1\actions-runner\bin\Runner.Worker.exe'
[2026-06-05 00:10:23Z INFO ProcessInvokerWrapper]   Arguments: 'spawnclient 1348 1792'
[2026-06-05 00:10:23Z INFO ProcessInvokerWrapper]   Working directory: 'D:\funity\Test1\actions-runner\bin'
[2026-06-05 00:10:23Z INFO ProcessInvokerWrapper]   Require exit code zero: 'False'
[2026-06-05 00:10:23Z INFO ProcessInvokerWrapper]   Encoding web name:  ; code page: ''
[2026-06-05 00:10:23Z INFO ProcessInvokerWrapper]   Force kill process on cancellation: 'True'
[2026-06-05 00:10:23Z INFO ProcessInvokerWrapper]   Redirected STDIN: 'False'
[2026-06-05 00:10:23Z INFO ProcessInvokerWrapper]   Persist current code page: 'False'
[2026-06-05 00:10:23Z INFO ProcessInvokerWrapper]   Keep redirected STDIN open: 'False'
[2026-06-05 00:10:23Z INFO ProcessInvokerWrapper]   High priority process: 'True'
[2026-06-05 00:10:23Z INFO ProcessInvokerWrapper] Process started with process id 728, waiting for process exit.
[2026-06-05 00:10:23Z INFO JobDispatcher] Send job request message to worker for job 00f96612-47c1-5f7c-8b55-efd85f61d161.
[2026-06-05 00:10:23Z INFO ProcessChannel] Sending message of length 23201, with hash 'ce3b78845ae0eebf45d8e475dbb0d61cbd1577d17b579e668ccafd5aa08e3050'
[2026-06-05 00:10:23Z INFO JobNotification] Entering JobStarted Notification
[2026-06-05 00:10:23Z INFO JobNotification] Entering StartMonitor
[2026-06-05 00:11:24Z INFO JobDispatcher] Successfully renew job 00f96612-47c1-5f7c-8b55-efd85f61d161, job is valid till 2026-06-05 오전 12:21:24
[2026-06-05 00:12:24Z INFO JobDispatcher] Successfully renew job 00f96612-47c1-5f7c-8b55-efd85f61d161, job is valid till 2026-06-05 오전 12:22:25
[2026-06-05 00:13:24Z INFO JobDispatcher] Successfully renew job 00f96612-47c1-5f7c-8b55-efd85f61d161, job is valid till 2026-06-05 오전 12:23:25
[2026-06-05 00:14:11Z INFO Terminal] WRITE LINE: Exiting...
[2026-06-05 00:14:11Z INFO ConfigurationStore] IsServiceConfigured()
[2026-06-05 00:14:11Z INFO ConfigurationStore] IsServiceConfigured: False
[2026-06-05 00:14:11Z INFO HostContext] Runner will be shutdown for UserCancelled
[2026-06-05 00:14:11Z WARN GitHubActionsService] GET request to https://broker.actions.githubusercontent.com/message?sessionId=3bb21f9a-d9ab-4062-9861-4c39345ffcac&status=Busy&runnerVersion=2.334.0&os=Windows&architecture=X64&disableUpdate=false has been cancelled.
[2026-06-05 00:14:11Z ERR  BrokerServer] Catch exception during request
[2026-06-05 00:14:11Z ERR  BrokerServer] System.Threading.Tasks.TaskCanceledException: The operation was canceled.
 ---> System.Threading.Tasks.TaskCanceledException: The operation was canceled.
 ---> System.IO.IOException: Unable to read data from the transport connection: 스레드 종료 또는 응용 프로그램 요청 때문에 I/O 작업이 취소되었습니다..
 ---> System.Net.Sockets.SocketException (995): 스레드 종료 또는 응용 프로그램 요청 때문에 I/O 작업이 취소되었습니다.
   --- End of inner exception stack trace ---
   at System.Net.Sockets.Socket.AwaitableSocketAsyncEventArgs.System.Threading.Tasks.Sources.IValueTaskSource<System.Int32>.GetResult(Int16 token)
   at System.Net.Security.SslStream.EnsureFullTlsFrameAsync[TIOAdapter](CancellationToken cancellationToken, Int32 estimatedSize)
   at System.Runtime.CompilerServices.PoolingAsyncValueTaskMethodBuilder`1.StateMachineBox`1.System.Threading.Tasks.Sources.IValueTaskSource<TResult>.GetResult(Int16 token)
   at System.Net.Security.SslStream.ReadAsyncInternal[TIOAdapter](Memory`1 buffer, CancellationToken cancellationToken)
   at System.Runtime.CompilerServices.PoolingAsyncValueTaskMethodBuilder`1.StateMachineBox`1.System.Threading.Tasks.Sources.IValueTaskSource<TResult>.GetResult(Int16 token)
   at System.Net.Http.HttpConnection.SendAsync(HttpRequestMessage request, Boolean async, CancellationToken cancellationToken)
   --- End of inner exception stack trace ---
   at System.Net.Http.HttpConnection.SendAsync(HttpRequestMessage request, Boolean async, CancellationToken cancellationToken)
   at System.Net.Http.AuthenticationHelper.SendWithNtAuthAsync(HttpRequestMessage request, Uri authUri, Boolean async, ICredentials credentials, Boolean isProxyAuth, HttpConnection connection, HttpConnectionPool connectionPool, CancellationToken cancellationToken)
   at System.Net.Http.HttpConnectionPool.SendWithVersionDetectionAndRetryAsync(HttpRequestMessage request, Boolean async, Boolean doRequestAuth, CancellationToken cancellationToken)
   at System.Net.Http.AuthenticationHelper.SendWithAuthAsync(HttpRequestMessage request, Uri authUri, Boolean async, ICredentials credentials, Boolean preAuthenticate, Boolean isProxyAuth, Boolean doRequestAuth, HttpConnectionPool pool, CancellationToken cancellationToken)
   at System.Net.Http.RedirectHandler.SendAsync(HttpRequestMessage request, Boolean async, CancellationToken cancellationToken)
   at GitHub.Services.Common.RawHttpMessageHandler.SendAsync(HttpRequestMessage request, CancellationToken cancellationToken)
   at GitHub.Services.Common.VssHttpRetryMessageHandler.SendAsync(HttpRequestMessage request, CancellationToken cancellationToken)
   at System.Net.Http.HttpClient.<SendAsync>g__Core|83_0(HttpRequestMessage request, HttpCompletionOption completionOption, CancellationTokenSource cts, Boolean disposeCts, CancellationTokenSource pendingRequestsCts, CancellationToken originalCancellationToken)
   --- End of inner exception stack trace ---
   at System.Net.Http.HttpClient.HandleFailure(Exception e, Boolean telemetryStarted, HttpResponseMessage response, CancellationTokenSource cts, CancellationToken cancellationToken, CancellationTokenSource pendingRequestsCts)
   at System.Net.Http.HttpClient.<SendAsync>g__Core|83_0(HttpRequestMessage request, HttpCompletionOption completionOption, CancellationTokenSource cts, Boolean disposeCts, CancellationTokenSource pendingRequestsCts, CancellationToken originalCancellationToken)
   at Sdk.WebApi.WebApi.RawHttpClientBase.SendAsync(HttpRequestMessage message, HttpCompletionOption completionOption, Object userState, CancellationToken cancellationToken)
   at Sdk.WebApi.WebApi.RawHttpClientBase.SendAsync[T](HttpRequestMessage message, Boolean readErrorBody, Object userState, CancellationToken cancellationToken)
   at Sdk.WebApi.WebApi.RawHttpClientBase.SendAsync[T](HttpMethod method, IEnumerable`1 additionalHeaders, Uri requestUri, HttpContent content, IEnumerable`1 queryParameters, Boolean readErrorBody, Object userState, CancellationToken cancellationToken)
   at GitHub.Actions.RunService.WebApi.BrokerHttpClient.GetRunnerMessageAsync(Nullable`1 sessionId, String runnerVersion, Nullable`1 status, String os, String architecture, Nullable`1 disableUpdate, CancellationToken cancellationToken)
   at GitHub.Runner.Common.BrokerServer.<>c__DisplayClass7_0.<<GetRunnerMessageAsync>b__0>d.MoveNext()
--- End of stack trace from previous location ---
   at GitHub.Runner.Common.RunnerService.RetryRequest[T](Func`1 func, CancellationToken cancellationToken, Int32 maxAttempts, Func`2 shouldRetry)
[2026-06-05 00:14:11Z ERR  BrokerServer] #####################################################
[2026-06-05 00:14:11Z ERR  BrokerServer] System.Threading.Tasks.TaskCanceledException: The operation was canceled.
 ---> System.IO.IOException: Unable to read data from the transport connection: 스레드 종료 또는 응용 프로그램 요청 때문에 I/O 작업이 취소되었습니다..
 ---> System.Net.Sockets.SocketException (995): 스레드 종료 또는 응용 프로그램 요청 때문에 I/O 작업이 취소되었습니다.
   --- End of inner exception stack trace ---
   at System.Net.Sockets.Socket.AwaitableSocketAsyncEventArgs.System.Threading.Tasks.Sources.IValueTaskSource<System.Int32>.GetResult(Int16 token)
   at System.Net.Security.SslStream.EnsureFullTlsFrameAsync[TIOAdapter](CancellationToken cancellationToken, Int32 estimatedSize)
   at System.Runtime.CompilerServices.PoolingAsyncValueTaskMethodBuilder`1.StateMachineBox`1.System.Threading.Tasks.Sources.IValueTaskSource<TResult>.GetResult(Int16 token)
   at System.Net.Security.SslStream.ReadAsyncInternal[TIOAdapter](Memory`1 buffer, CancellationToken cancellationToken)
   at System.Runtime.CompilerServices.PoolingAsyncValueTaskMethodBuilder`1.StateMachineBox`1.System.Threading.Tasks.Sources.IValueTaskSource<TResult>.GetResult(Int16 token)
   at System.Net.Http.HttpConnection.SendAsync(HttpRequestMessage request, Boolean async, CancellationToken cancellationToken)
   --- End of inner exception stack trace ---
   at System.Net.Http.HttpConnection.SendAsync(HttpRequestMessage request, Boolean async, CancellationToken cancellationToken)
   at System.Net.Http.AuthenticationHelper.SendWithNtAuthAsync(HttpRequestMessage request, Uri authUri, Boolean async, ICredentials credentials, Boolean isProxyAuth, HttpConnection connection, HttpConnectionPool connectionPool, CancellationToken cancellationToken)
   at System.Net.Http.HttpConnectionPool.SendWithVersionDetectionAndRetryAsync(HttpRequestMessage request, Boolean async, Boolean doRequestAuth, CancellationToken cancellationToken)
   at System.Net.Http.AuthenticationHelper.SendWithAuthAsync(HttpRequestMessage request, Uri authUri, Boolean async, ICredentials credentials, Boolean preAuthenticate, Boolean isProxyAuth, Boolean doRequestAuth, HttpConnectionPool pool, CancellationToken cancellationToken)
   at System.Net.Http.RedirectHandler.SendAsync(HttpRequestMessage request, Boolean async, CancellationToken cancellationToken)
   at GitHub.Services.Common.RawHttpMessageHandler.SendAsync(HttpRequestMessage request, CancellationToken cancellationToken)
   at GitHub.Services.Common.VssHttpRetryMessageHandler.SendAsync(HttpRequestMessage request, CancellationToken cancellationToken)
   at System.Net.Http.HttpClient.<SendAsync>g__Core|83_0(HttpRequestMessage request, HttpCompletionOption completionOption, CancellationTokenSource cts, Boolean disposeCts, CancellationTokenSource pendingRequestsCts, CancellationToken originalCancellationToken)
[2026-06-05 00:14:11Z ERR  BrokerServer] #####################################################
[2026-06-05 00:14:11Z ERR  BrokerServer] System.IO.IOException: Unable to read data from the transport connection: 스레드 종료 또는 응용 프로그램 요청 때문에 I/O 작업이 취소되었습니다..
 ---> System.Net.Sockets.SocketException (995): 스레드 종료 또는 응용 프로그램 요청 때문에 I/O 작업이 취소되었습니다.
   --- End of inner exception stack trace ---
   at System.Net.Sockets.Socket.AwaitableSocketAsyncEventArgs.System.Threading.Tasks.Sources.IValueTaskSource<System.Int32>.GetResult(Int16 token)
   at System.Net.Security.SslStream.EnsureFullTlsFrameAsync[TIOAdapter](CancellationToken cancellationToken, Int32 estimatedSize)
   at System.Runtime.CompilerServices.PoolingAsyncValueTaskMethodBuilder`1.StateMachineBox`1.System.Threading.Tasks.Sources.IValueTaskSource<TResult>.GetResult(Int16 token)
   at System.Net.Security.SslStream.ReadAsyncInternal[TIOAdapter](Memory`1 buffer, CancellationToken cancellationToken)
   at System.Runtime.CompilerServices.PoolingAsyncValueTaskMethodBuilder`1.StateMachineBox`1.System.Threading.Tasks.Sources.IValueTaskSource<TResult>.GetResult(Int16 token)
   at System.Net.Http.HttpConnection.SendAsync(HttpRequestMessage request, Boolean async, CancellationToken cancellationToken)
[2026-06-05 00:14:11Z ERR  BrokerServer] #####################################################
[2026-06-05 00:14:11Z ERR  BrokerServer] System.Net.Sockets.SocketException (995): 스레드 종료 또는 응용 프로그램 요청 때문에 I/O 작업이 취소되었습니다.
[2026-06-05 00:14:11Z WARN BrokerServer] Back off 11.05 seconds before next retry. 4 attempt left.
[2026-06-05 00:14:11Z INFO BrokerMessageListener] Get next message has been cancelled.
[2026-06-05 00:14:11Z INFO JobDispatcher] Shutting down JobDispatcher. Make sure all WorkerDispatcher has finished.
[2026-06-05 00:14:11Z INFO JobDispatcher] Ensure WorkerDispatcher for job 00f96612-47c1-5f7c-8b55-efd85f61d161 run to finish, cancel any running job.
[2026-06-05 00:14:11Z INFO JobDispatcher] Send job cancellation message to worker for job 00f96612-47c1-5f7c-8b55-efd85f61d161.
[2026-06-05 00:14:11Z INFO ProcessChannel] Sending message of length 0, with hash 'e3b0c44298fc1c149afbf4c8996fb92427ae41e4649b934ca495991b7852b855'
[2026-06-05 00:14:17Z INFO ProcessInvokerWrapper] STDOUT/STDERR stream read finished.
[2026-06-05 00:14:17Z INFO ProcessInvokerWrapper] STDOUT/STDERR stream read finished.
[2026-06-05 00:14:17Z INFO ProcessInvokerWrapper] Finished process 728 with exit code 102, and elapsed time 00:03:53.3667068.
[2026-06-05 00:14:17Z INFO JobDispatcher] finish job request for job 00f96612-47c1-5f7c-8b55-efd85f61d161 with result: Canceled
[2026-06-05 00:14:17Z INFO Terminal] WRITE LINE: 2026-06-05 00:14:17Z: Job run-regression-tests completed with result: Canceled
[2026-06-05 00:14:17Z INFO JobDispatcher] Stop renew job request for job 00f96612-47c1-5f7c-8b55-efd85f61d161.
[2026-06-05 00:14:17Z INFO JobDispatcher] job renew has been cancelled, stop renew job 00f96612-47c1-5f7c-8b55-efd85f61d161.
[2026-06-05 00:14:17Z INFO JobNotification] Entering JobCompleted Notification
[2026-06-05 00:14:17Z INFO JobNotification] Entering EndMonitor
[2026-06-05 00:14:17Z INFO Runner] Deleting Runner Session...
[2026-06-05 00:14:17Z INFO Listener] Runner execution been cancelled.
