[2026-06-04 03:12:34Z INFO HostContext] No proxy settings were found based on environmental variables (http_proxy/https_proxy/HTTP_PROXY/HTTPS_PROXY)
[2026-06-04 03:12:34Z INFO HostContext] Well known directory 'Bin': 'D:\funity\Test1\actions-runner\bin'
[2026-06-04 03:12:34Z INFO HostContext] Well known directory 'Root': 'D:\funity\Test1\actions-runner'
[2026-06-04 03:12:34Z INFO HostContext] Well known config file 'Credentials': 'D:\funity\Test1\actions-runner\.credentials'
[2026-06-04 03:12:34Z INFO HostContext] Well known directory 'Bin': 'D:\funity\Test1\actions-runner\bin'
[2026-06-04 03:12:34Z INFO HostContext] Well known directory 'Root': 'D:\funity\Test1\actions-runner'
[2026-06-04 03:12:34Z INFO HostContext] Well known config file 'Runner': 'D:\funity\Test1\actions-runner\.runner'
[2026-06-04 03:12:34Z INFO Listener] Runner is built for Windows (X64) - win-x64.
[2026-06-04 03:12:34Z INFO Listener] RuntimeInformation: Microsoft Windows 10.0.19045.
[2026-06-04 03:12:34Z INFO Listener] Version: 2.334.0
[2026-06-04 03:12:34Z INFO Listener] Commit: f1995ede5d885c997d13d8eca5467c4ce97fe69c
[2026-06-04 03:12:34Z INFO Listener] Culture: ko-KR
[2026-06-04 03:12:34Z INFO Listener] UI Culture: ko-KR
[2026-06-04 03:12:34Z INFO HostContext] Well known directory 'Bin': 'D:\funity\Test1\actions-runner\bin'
[2026-06-04 03:12:34Z INFO HostContext] Well known directory 'Root': 'D:\funity\Test1\actions-runner'
[2026-06-04 03:12:34Z INFO Listener] Validating directory permissions for: 'D:\funity\Test1\actions-runner'
[2026-06-04 03:12:34Z INFO CommandLineParser] Parse
[2026-06-04 03:12:34Z INFO CommandLineParser] Parsing 5 args
[2026-06-04 03:12:34Z INFO CommandLineParser] parsing argument
[2026-06-04 03:12:34Z INFO CommandLineParser] HasArgs: False
[2026-06-04 03:12:34Z INFO CommandLineParser] Adding Command: configure
[2026-06-04 03:12:34Z INFO CommandLineParser] parsing argument
[2026-06-04 03:12:34Z INFO CommandLineParser] HasArgs: True
[2026-06-04 03:12:34Z INFO CommandLineParser] arg: url
[2026-06-04 03:12:34Z INFO CommandLineParser] parsing argument
[2026-06-04 03:12:34Z INFO CommandLineParser] HasArgs: True
[2026-06-04 03:12:34Z INFO CommandLineParser] Adding option 'url': 'https://github.com/주군의_아이디/주군의_저장소'
[2026-06-04 03:12:34Z INFO CommandLineParser] parsing argument
[2026-06-04 03:12:34Z INFO CommandLineParser] HasArgs: True
[2026-06-04 03:12:34Z INFO CommandLineParser] arg: token
[2026-06-04 03:12:34Z INFO CommandLineParser] parsing argument
[2026-06-04 03:12:34Z INFO CommandLineParser] HasArgs: True
[2026-06-04 03:12:34Z INFO CommandLineParser] Adding option 'token': '***'
[2026-06-04 03:12:34Z INFO Listener] Arguments parsed
[2026-06-04 03:12:34Z INFO Runner] ExecuteCommand
[2026-06-04 03:12:34Z INFO ConfigurationStore] currentAssemblyLocation: D:\funity\Test1\actions-runner\bin\Runner.Listener.dll
[2026-06-04 03:12:34Z INFO HostContext] Well known directory 'Bin': 'D:\funity\Test1\actions-runner\bin'
[2026-06-04 03:12:34Z INFO ConfigurationStore] binPath: D:\funity\Test1\actions-runner\bin
[2026-06-04 03:12:34Z INFO HostContext] Well known directory 'Bin': 'D:\funity\Test1\actions-runner\bin'
[2026-06-04 03:12:34Z INFO HostContext] Well known directory 'Root': 'D:\funity\Test1\actions-runner'
[2026-06-04 03:12:34Z INFO ConfigurationStore] RootFolder: D:\funity\Test1\actions-runner
[2026-06-04 03:12:34Z INFO HostContext] Well known directory 'Bin': 'D:\funity\Test1\actions-runner\bin'
[2026-06-04 03:12:34Z INFO HostContext] Well known directory 'Root': 'D:\funity\Test1\actions-runner'
[2026-06-04 03:12:34Z INFO HostContext] Well known config file 'Runner': 'D:\funity\Test1\actions-runner\.runner'
[2026-06-04 03:12:34Z INFO ConfigurationStore] ConfigFilePath: D:\funity\Test1\actions-runner\.runner
[2026-06-04 03:12:34Z INFO HostContext] Well known directory 'Bin': 'D:\funity\Test1\actions-runner\bin'
[2026-06-04 03:12:34Z INFO HostContext] Well known directory 'Root': 'D:\funity\Test1\actions-runner'
[2026-06-04 03:12:34Z INFO HostContext] Well known config file 'MigratedRunner': 'D:\funity\Test1\actions-runner\.runner_migrated'
[2026-06-04 03:12:34Z INFO ConfigurationStore] MigratedConfigFilePath: D:\funity\Test1\actions-runner\.runner_migrated
[2026-06-04 03:12:34Z INFO HostContext] Well known directory 'Bin': 'D:\funity\Test1\actions-runner\bin'
[2026-06-04 03:12:34Z INFO HostContext] Well known directory 'Root': 'D:\funity\Test1\actions-runner'
[2026-06-04 03:12:34Z INFO HostContext] Well known config file 'Credentials': 'D:\funity\Test1\actions-runner\.credentials'
[2026-06-04 03:12:34Z INFO ConfigurationStore] CredFilePath: D:\funity\Test1\actions-runner\.credentials
[2026-06-04 03:12:34Z INFO HostContext] Well known directory 'Bin': 'D:\funity\Test1\actions-runner\bin'
[2026-06-04 03:12:34Z INFO HostContext] Well known directory 'Root': 'D:\funity\Test1\actions-runner'
[2026-06-04 03:12:34Z INFO HostContext] Well known config file 'MigratedCredentials': 'D:\funity\Test1\actions-runner\.credentials_migrated'
[2026-06-04 03:12:34Z INFO ConfigurationStore] MigratedCredFilePath: D:\funity\Test1\actions-runner\.credentials_migrated
[2026-06-04 03:12:34Z INFO HostContext] Well known directory 'Bin': 'D:\funity\Test1\actions-runner\bin'
[2026-06-04 03:12:34Z INFO HostContext] Well known directory 'Root': 'D:\funity\Test1\actions-runner'
[2026-06-04 03:12:34Z INFO HostContext] Well known config file 'Service': 'D:\funity\Test1\actions-runner\.service'
[2026-06-04 03:12:34Z INFO ConfigurationStore] ServiceConfigFilePath: D:\funity\Test1\actions-runner\.service
[2026-06-04 03:12:34Z INFO CommandSettings] Flag 'help': 'False'
[2026-06-04 03:12:34Z INFO CommandSettings] Flag 'version': 'False'
[2026-06-04 03:12:34Z INFO CommandSettings] Flag 'commit': 'False'
[2026-06-04 03:12:34Z INFO CommandSettings] Flag 'check': 'False'
[2026-06-04 03:12:34Z INFO CommandSettings] Command 'configure': 'True'
[2026-06-04 03:12:34Z INFO Terminal] WRITE LINE: 
[2026-06-04 03:12:34Z INFO Terminal] WRITE LINE: --------------------------------------------------------------------------------
[2026-06-04 03:12:34Z INFO Terminal] WRITE LINE: |        ____ _ _   _   _       _          _        _   _                      |
[2026-06-04 03:12:34Z INFO Terminal] WRITE LINE: |       / ___(_) |_| | | |_   _| |__      / \   ___| |_(_) ___  _ __  ___      |
[2026-06-04 03:12:34Z INFO Terminal] WRITE LINE: |      | |  _| | __| |_| | | | | '_ \    / _ \ / __| __| |/ _ \| '_ \/ __|     |
[2026-06-04 03:12:34Z INFO Terminal] WRITE LINE: |      | |_| | | |_|  _  | |_| | |_) |  / ___ \ (__| |_| | (_) | | | \__ \     |
[2026-06-04 03:12:34Z INFO Terminal] WRITE LINE: |       \____|_|\__|_| |_|\__,_|_.__/  /_/   \_\___|\__|_|\___/|_| |_|___/     |
[2026-06-04 03:12:34Z INFO Terminal] WRITE LINE: |                                                                              |
[2026-06-04 03:12:34Z INFO Terminal] WRITE: |                       
[2026-06-04 03:12:34Z INFO Terminal] WRITE: Self-hosted runner registration
[2026-06-04 03:12:34Z INFO Terminal] WRITE LINE:                         |
[2026-06-04 03:12:34Z INFO Terminal] WRITE LINE: |                                                                              |
[2026-06-04 03:12:34Z INFO Terminal] WRITE LINE: --------------------------------------------------------------------------------
[2026-06-04 03:12:34Z INFO ConfigurationManager] ConfigureAsync
[2026-06-04 03:12:34Z INFO CommandSettings] Flag 'generateServiceConfig': 'False'
[2026-06-04 03:12:34Z INFO ConfigurationStore] IsConfigured()
[2026-06-04 03:12:34Z INFO ConfigurationStore] IsConfigured: False
[2026-06-04 03:12:34Z INFO ConfigurationManager] Is configured: False
[2026-06-04 03:12:34Z INFO CommandSettings] Arg 'url': 'https://github.com/주군의_아이디/주군의_저장소'
[2026-06-04 03:12:34Z INFO CommandSettings] Remove url from Arg dictionary.
[2026-06-04 03:12:34Z INFO CommandSettings] Arg 'token': '***'
[2026-06-04 03:12:34Z INFO CommandSettings] Remove token from Arg dictionary.
[2026-06-04 03:12:34Z ERR  ConfigurationManager] Failed to get tenant credentials -- Attempt: 1
[2026-06-04 03:12:34Z ERR  ConfigurationManager] System.Net.Http.HttpRequestException: Request headers must contain only ASCII characters.
   at System.Net.Http.HttpConnection.<WriteString>g__ThrowForInvalidCharEncoding|56_0()
   at System.Net.Http.HttpConnection.WriteString(String s, Encoding encoding)
   at System.Net.Http.HttpConnection.WriteHeaderCollection(HttpHeaders headers, String cookiesFromContainer)
   at System.Net.Http.HttpConnection.WriteHeaders(HttpRequestMessage request, HttpMethod normalizedMethod)
   at System.Net.Http.HttpConnection.SendAsync(HttpRequestMessage request, Boolean async, CancellationToken cancellationToken)
   at System.Net.Http.HttpConnection.SendAsync(HttpRequestMessage request, Boolean async, CancellationToken cancellationToken)
   at System.Net.Http.HttpConnectionPool.SendWithVersionDetectionAndRetryAsync(HttpRequestMessage request, Boolean async, Boolean doRequestAuth, CancellationToken cancellationToken)
   at System.Net.Http.RedirectHandler.SendAsync(HttpRequestMessage request, Boolean async, CancellationToken cancellationToken)
   at System.Net.Http.HttpClient.<SendAsync>g__Core|83_0(HttpRequestMessage request, HttpCompletionOption completionOption, CancellationTokenSource cts, Boolean disposeCts, CancellationTokenSource pendingRequestsCts, CancellationToken originalCancellationToken)
   at GitHub.Runner.Listener.Configuration.ConfigurationManager.GetTenantCredential(String githubUrl, String githubToken, String runnerEvent)
[2026-06-04 03:12:34Z INFO ConfigurationManager] Retrying in 3 seconds
[2026-06-04 03:12:38Z ERR  ConfigurationManager] Failed to get tenant credentials -- Attempt: 2
[2026-06-04 03:12:38Z ERR  ConfigurationManager] System.Net.Http.HttpRequestException: Request headers must contain only ASCII characters.
   at System.Net.Http.HttpConnection.<WriteString>g__ThrowForInvalidCharEncoding|56_0()
   at System.Net.Http.HttpConnection.WriteString(String s, Encoding encoding)
   at System.Net.Http.HttpConnection.WriteHeaderCollection(HttpHeaders headers, String cookiesFromContainer)
   at System.Net.Http.HttpConnection.WriteHeaders(HttpRequestMessage request, HttpMethod normalizedMethod)
   at System.Net.Http.HttpConnection.SendAsync(HttpRequestMessage request, Boolean async, CancellationToken cancellationToken)
   at System.Net.Http.HttpConnection.SendAsync(HttpRequestMessage request, Boolean async, CancellationToken cancellationToken)
   at System.Net.Http.HttpConnectionPool.SendWithVersionDetectionAndRetryAsync(HttpRequestMessage request, Boolean async, Boolean doRequestAuth, CancellationToken cancellationToken)
   at System.Net.Http.RedirectHandler.SendAsync(HttpRequestMessage request, Boolean async, CancellationToken cancellationToken)
   at System.Net.Http.HttpClient.<SendAsync>g__Core|83_0(HttpRequestMessage request, HttpCompletionOption completionOption, CancellationTokenSource cts, Boolean disposeCts, CancellationTokenSource pendingRequestsCts, CancellationToken originalCancellationToken)
   at GitHub.Runner.Listener.Configuration.ConfigurationManager.GetTenantCredential(String githubUrl, String githubToken, String runnerEvent)
[2026-06-04 03:12:38Z INFO ConfigurationManager] Retrying in 3 seconds
[2026-06-04 03:12:42Z ERR  Runner] System.Net.Http.HttpRequestException: Request headers must contain only ASCII characters.
   at System.Net.Http.HttpConnection.<WriteString>g__ThrowForInvalidCharEncoding|56_0()
   at System.Net.Http.HttpConnection.WriteString(String s, Encoding encoding)
   at System.Net.Http.HttpConnection.WriteHeaderCollection(HttpHeaders headers, String cookiesFromContainer)
   at System.Net.Http.HttpConnection.WriteHeaders(HttpRequestMessage request, HttpMethod normalizedMethod)
   at System.Net.Http.HttpConnection.SendAsync(HttpRequestMessage request, Boolean async, CancellationToken cancellationToken)
   at System.Net.Http.HttpConnection.SendAsync(HttpRequestMessage request, Boolean async, CancellationToken cancellationToken)
   at System.Net.Http.HttpConnectionPool.SendWithVersionDetectionAndRetryAsync(HttpRequestMessage request, Boolean async, Boolean doRequestAuth, CancellationToken cancellationToken)
   at System.Net.Http.RedirectHandler.SendAsync(HttpRequestMessage request, Boolean async, CancellationToken cancellationToken)
   at System.Net.Http.HttpClient.<SendAsync>g__Core|83_0(HttpRequestMessage request, HttpCompletionOption completionOption, CancellationTokenSource cts, Boolean disposeCts, CancellationTokenSource pendingRequestsCts, CancellationToken originalCancellationToken)
   at GitHub.Runner.Listener.Configuration.ConfigurationManager.GetTenantCredential(String githubUrl, String githubToken, String runnerEvent)
   at GitHub.Runner.Listener.Configuration.ConfigurationManager.ConfigureAsync(CommandSettings command)
   at GitHub.Runner.Listener.Runner.ExecuteCommand(CommandSettings command)
[2026-06-04 03:12:42Z ERR  Terminal] WRITE ERROR: Request headers must contain only ASCII characters.
[2026-06-04 03:12:42Z INFO Listener] Runner execution has finished with return code 1
