[2026-06-04 03:33:17Z INFO HostContext] No proxy settings were found based on environmental variables (http_proxy/https_proxy/HTTP_PROXY/HTTPS_PROXY)
[2026-06-04 03:33:17Z INFO HostContext] Well known directory 'Bin': 'D:\funity\Test1\actions-runner\bin'
[2026-06-04 03:33:17Z INFO HostContext] Well known directory 'Root': 'D:\funity\Test1\actions-runner'
[2026-06-04 03:33:17Z INFO HostContext] Well known config file 'Credentials': 'D:\funity\Test1\actions-runner\.credentials'
[2026-06-04 03:33:17Z INFO HostContext] Well known directory 'Bin': 'D:\funity\Test1\actions-runner\bin'
[2026-06-04 03:33:17Z INFO HostContext] Well known directory 'Root': 'D:\funity\Test1\actions-runner'
[2026-06-04 03:33:17Z INFO HostContext] Well known config file 'Runner': 'D:\funity\Test1\actions-runner\.runner'
[2026-06-04 03:33:17Z INFO Worker] Version: 2.334.0
[2026-06-04 03:33:17Z INFO Worker] Commit: f1995ede5d885c997d13d8eca5467c4ce97fe69c
[2026-06-04 03:33:17Z INFO Worker] Culture: ko-KR
[2026-06-04 03:33:17Z INFO Worker] UI Culture: ko-KR
[2026-06-04 03:33:17Z INFO Worker] Waiting to receive the job message from the channel.
[2026-06-04 03:33:17Z INFO ProcessChannel] Receiving message of length 22964, with hash '691d94b071a79bbd7369f97d1d8e4c0f0711ff745953ba923f15ab0d4eefd151'
[2026-06-04 03:33:17Z INFO Worker] Message received.
[2026-06-04 03:33:17Z INFO Worker] Job message:
 {
  "fileTable": [
    ".github/workflows/unity-regression.yml"
  ],
  "mask": [
    {
      "type": "regex",
      "value": "***"
    },
    {
      "type": "regex",
      "value": "***"
    },
    {
      "type": "regex",
      "value": "***"
    },
    {
      "type": "regex",
      "value": "***"
    },
    {
      "type": "regex",
      "value": "***"
    },
    {
      "type": "regex",
      "value": "***"
    },
    {
      "type": "regex",
      "value": "***"
    },
    {
      "type": "regex",
      "value": "***"
    },
    {
      "type": "regex",
      "value": "***"
    },
    {
      "type": "regex",
      "value": "***"
    },
    {
      "type": "regex",
      "value": "***"
    },
    {
      "type": "regex",
      "value": "***"
    },
    {
      "type": "regex",
      "value": "***"
    },
    {
      "type": "regex",
      "value": "***"
    },
    {
      "type": "regex",
      "value": "***"
    },
    {
      "type": "regex",
      "value": "***"
    },
    {
      "type": "regex",
      "value": "***"
    },
    {
      "type": "regex",
      "value": "***"
    },
    {
      "type": "regex",
      "value": "***"
    },
    {
      "type": "regex",
      "value": "***"
    },
    {
      "type": "regex",
      "value": "***"
    },
    {
      "type": "regex",
      "value": "***"
    },
    {
      "type": "regex",
      "value": "***"
    },
    {
      "type": "regex",
      "value": "***"
    }
  ],
  "steps": [
    {
      "type": "action",
      "reference": {
        "type": "repository",
        "name": "actions/actions-runner-win-x64",
        "ref": "v4",
        "repositoryType": "GitHub"
      },
      "displayNameToken": {
        "type": 0,
        "file": 1,
        "line": 20,
        "col": 15,
        "lit": "Checkout repository code"
      },
      "contextName": "__actions_actions-runner-win-x64",
      "inputs": {
        "type": 2,
        "file": 1,
        "line": 23,
        "col": 11,
        "map": [
          {
            "key": {
              "type": 0,
              "file": 1,
              "line": 23,
              "col": 11,
              "lit": "clean"
            },
            "value": {
              "type": 0,
              "file": 1,
              "line": 23,
              "col": 18,
              "lit": "false"
            }
          }
        ]
      },
      "condition": "success()",
      "id": "6ba202dd-f8b0-4288-b145-0016806dc8c8",
      "name": "__actions_actions-runner-win-x64"
    },
    {
      "type": "action",
      "reference": {
        "type": "script"
      },
      "displayNameToken": {
        "type": 0,
        "file": 1,
        "line": 26,
        "col": 15,
        "lit": "Execute Unity QA Master Pipeline"
      },
      "contextName": "__run",
      "inputs": {
        "type": 2,
        "map": [
          {
            "key": "script",
            "value": {
              "type": 0,
              "file": 1,
              "line": 27,
              "col": 14,
              "lit": "cd /d D:\\funity\\Test1\nalt-tests\\run_alt_ci_pipeline.bat"
            }
          }
        ]
      },
      "condition": "success()",
      "id": "70166918-3048-4d93-b6a1-87d8bac19b54",
      "name": "__run"
    }
  ],
  "variables": {
    "Actions.EnableHttpRedirects": {
      "value": "true"
    },
    "DistributedTask.AddWarningToNode12Action": {
      "value": "true"
    },
    "DistributedTask.AddWarningToNode16Action": {
      "value": "true"
    },
    "DistributedTask.AllowRunnerContainerHooks": {
      "value": "true"
    },
    "DistributedTask.DeprecateStepOutputCommands": {
      "value": "true"
    },
    "DistributedTask.DetailUntarFailure": {
      "value": "true"
    },
    "DistributedTask.EnableCompositeActions": {
      "value": "true"
    },
    "DistributedTask.EnableJobServerQueueTelemetry": {
      "value": "true"
    },
    "DistributedTask.EnhancedAnnotations": {
      "value": "true"
    },
    "DistributedTask.ForceGithubJavascriptActionsToNode16": {
      "value": "true"
    },
    "DistributedTask.ForceGithubJavascriptActionsToNode20": {
      "value": "true"
    },
    "DistributedTask.LogTemplateErrorsAsDebugMessages": {
      "value": "true"
    },
    "DistributedTask.MarkJobAsFailedOnWorkerCrash": {
      "value": "true"
    },
    "DistributedTask.NewActionMetadata": {
      "value": "true"
    },
    "DistributedTask.UploadStepSummary": {
      "value": "true"
    },
    "DistributedTask.UseActionArchiveCache": {
      "value": "true"
    },
    "DistributedTask.UseWhich2": {
      "value": "true"
    },
    "RunService.FixEmbeddedIssues": {
      "value": "true"
    },
    "actions.runner.requirenode24": {
      "value": "false"
    },
    "actions.runner.usenode24bydefault": {
      "value": "false"
    },
    "actions.runner.warnonnode20": {
      "value": "true"
    },
    "actions_add_check_run_id_to_job_context": {
      "value": "true"
    },
    "actions_batch_action_resolution": {
      "value": "false"
    },
    "actions_container_action_runner_temp": {
      "value": "true"
    },
    "actions_display_helpful_actions_download_errors": {
      "value": "true"
    },
    "actions_runner_compare_workflow_parser": {
      "value": "false"
    },
    "actions_runner_deprecate_linux_arm32": {
      "value": "false"
    },
    "actions_runner_emit_composite_markers": {
      "value": "false"
    },
    "actions_runner_kill_linux_arm32": {
      "value": "false"
    },
    "actions_runner_node20_removal_date": {
      "value": ""
    },
    "actions_runner_node24_default_date": {
      "value": "June 16th, 2026"
    },
    "actions_service_container_command": {
      "value": "true"
    },
    "actions_set_orchestration_id_env_for_actions": {
      "value": "true"
    },
    "actions_skip_retry_complete_job_upon_known_errors": {
      "value": "true"
    },
    "actions_snapshot_preflight_hosted_runner_check": {
      "value": "false"
    },
    "actions_snapshot_preflight_image_gen_pool_check": {
      "value": "false"
    },
    "actions_use_bearer_token_for_codeload": {
      "value": "false"
    },
    "actions_uses_cache_service_v2": {
      "value": "true"
    },
    "github_token": {
      "value": "***",
      "isSecret": true
    },
    "system.from_run_service": {
      "value": "true"
    },
    "system.github.job": {
      "value": "run-regression-tests"
    },
    "system.github.launch_endpoint": {
      "value": "https://launch.actions.githubusercontent.com"
    },
    "system.github.results_endpoint": {
      "value": "https://results-receiver.actions.githubusercontent.com/"
    },
    "system.github.results_upload_with_sdk": {
      "value": "true"
    },
    "system.github.token": {
      "value": "***",
      "isSecret": true
    },
    "system.github.token.permissions": {
      "value": "{\"Contents\":\"read\",\"Metadata\":\"read\",\"Packages\":\"read\"}"
    },
    "system.orchestrationId": {
      "value": "2985a02f-429b-4574-9b58-41a8edbd20ed.run-regression-tests.__default"
    },
    "system.phaseDisplayName": {
      "value": "run-regression-tests"
    },
    "system.runner.lowdiskspacethreshold": {
      "value": "100"
    },
    "system.runnerEnvironment": {
      "value": "self-hosted"
    },
    "system.runnerGroupName": {
      "value": "Default"
    }
  },
  "messageType": "RunnerJobRequest",
  "plan": {
    "scopeIdentifier": "00000000-0000-0000-0000-000000000000",
    "planType": "actions",
    "version": 0,
    "planId": "2985a02f-429b-4574-9b58-41a8edbd20ed",
    "planGroup": null,
    "artifactUri": null,
    "artifactLocation": null,
    "definition": null,
    "owner": null
  },
  "timeline": {
    "id": "2985a02f-429b-4574-9b58-41a8edbd20ed",
    "changeId": 0,
    "location": null
  },
  "jobId": "cad485a7-6b69-594e-b03f-706680b08d3c",
  "jobDisplayName": "run-regression-tests",
  "jobName": "__default",
  "requestId": 0,
  "lockedUntil": "0001-01-01T00:00:00",
  "resources": {
    "endpoints": [
      {
        "data": {
          "ServerId": "",
          "ServerName": "",
          "CacheServerUrl": "https://artifactcache.actions.githubusercontent.com/nuE4o9r1grKiPPVMC9oNfDhREJbxg1rxN9EUm35iq1N1jZbRnp/",
          "FeedStreamUrl": "wss://results-receiver.actions.githubusercontent.com/_ws/ingest.sock",
          "ResultsServiceUrl": "https://results-receiver.actions.githubusercontent.com/",
          "PipelinesServiceUrl": "https://pipelinesghubeus26.actions.githubusercontent.com/nuE4o9r1grKiPPVMC9oNfDhREJbxg1rxN9EUm35iq1N1jZbRnp/",
          "GenerateIdTokenUrl": "",
          "ConnectivityChecks": "[\"https://broker.actions.githubusercontent.com/health\",\"https://token.actions.githubusercontent.com/ready\",\"https://run.actions.githubusercontent.com/health\"]"
        },
        "name": "SystemVssConnection",
        "url": "https://run-actions-1-azure-eastus.actions.githubusercontent.com/121/",
        "authorization": {
          "parameters": {
            "AccessToken": "***"
          },
          "scheme": "OAuth"
        },
        "isShared": false,
        "isReady": true
      }
    ]
  },
  "contextData": {
    "github": {
      "t": 2,
      "d": [
        {
          "k": "ref",
          "v": "refs/heads/main"
        },
        {
          "k": "sha",
          "v": "31dd02f56a1381e778cdcca7b21cc353d8da637a"
        },
        {
          "k": "repository",
          "v": "MunChaeWon/unity-qa-automation-pipeline"
        },
        {
          "k": "repository_owner",
          "v": "MunChaeWon"
        },
        {
          "k": "repository_owner_id",
          "v": "85226429"
        },
        {
          "k": "repositoryUrl",
          "v": "git://github.com/MunChaeWon/unity-qa-automation-pipeline.git"
        },
        {
          "k": "run_id",
          "v": "26928735413"
        },
        {
          "k": "run_number",
          "v": "2"
        },
        {
          "k": "retention_days",
          "v": "90"
        },
        {
          "k": "run_attempt",
          "v": "1"
        },
        {
          "k": "artifact_cache_size_limit",
          "v": "10"
        },
        {
          "k": "repository_visibility",
          "v": "public"
        },
        {
          "k": "actor_id",
          "v": "85226429"
        },
        {
          "k": "actor",
          "v": "MunChaeWon"
        },
        {
          "k": "workflow",
          "v": "Unity QA Automation Regression Pipeline"
        },
        {
          "k": "head_ref",
          "v": ""
        },
        {
          "k": "base_ref",
          "v": ""
        },
        {
          "k": "event_name",
          "v": "push"
        },
        {
          "k": "server_url",
          "v": "https://github.com"
        },
        {
          "k": "api_url",
          "v": "https://api.github.com"
        },
        {
          "k": "graphql_url",
          "v": "https://api.github.com/graphql"
        },
        {
          "k": "ref_name",
          "v": "main"
        },
        {
          "k": "ref_protected",
          "v": false
        },
        {
          "k": "ref_type",
          "v": "branch"
        },
        {
          "k": "secret_source",
          "v": "Actions"
        },
        {
          "k": "event",
          "v": {
            "t": 2,
            "d": [
              {
                "k": "after",
                "v": "31dd02f56a1381e778cdcca7b21cc353d8da637a"
              },
              {
                "k": "base_ref",
                "v": null
              },
              {
                "k": "before",
                "v": "7b1afc164b4aa070326d1f1e474975df175425bd"
              },
              {
                "k": "commits",
                "v": {
                  "t": 1,
                  "a": [
                    {
                      "t": 2,
                      "d": [
                        {
                          "k": "author",
                          "v": {
                            "t": 2,
                            "d": [
                              {
                                "k": "email",
                                "v": "kiho5044@gmail.com"
                              },
                              {
                                "k": "name",
                                "v": "MunChaeWon"
                              },
                              {
                                "k": "username",
                                "v": "MunChaeWon"
                              }
                            ]
                          }
                        },
                        {
                          "k": "committer",
                          "v": {
                            "t": 2,
                            "d": [
                              {
                                "k": "email",
                                "v": "kiho5044@gmail.com"
                              },
                              {
                                "k": "name",
                                "v": "MunChaeWon"
                              },
                              {
                                "k": "username",
                                "v": "MunChaeWon"
                              }
                            ]
                          }
                        },
                        {
                          "k": "distinct",
                          "v": true
                        },
                        {
                          "k": "id",
                          "v": "31dd02f56a1381e778cdcca7b21cc353d8da637a"
                        },
                        {
                          "k": "message",
                          "v": "Fix: 워크플로 6번째 줄 YML 문법 오류 정정"
                        },
                        {
                          "k": "timestamp",
                          "v": "2026-06-04T12:33:03+09:00"
                        },
                        {
                          "k": "tree_id",
                          "v": "8479745dbc859b6bb5ef246bef26fa396c665d25"
                        },
                        {
                          "k": "url",
                          "v": "https://github.com/MunChaeWon/unity-qa-automation-pipeline/commit/31dd02f56a1381e778cdcca7b21cc353d8da637a"
                        }
                      ]
                    }
                  ]
                }
              },
              {
                "k": "compare",
                "v": "https://github.com/MunChaeWon/unity-qa-automation-pipeline/compare/7b1afc164b4a...31dd02f56a13"
              },
              {
                "k": "created",
                "v": false
              },
              {
                "k": "deleted",
                "v": false
              },
              {
                "k": "forced",
                "v": false
              },
              {
                "k": "head_commit",
                "v": {
                  "t": 2,
                  "d": [
                    {
                      "k": "author",
                      "v": {
                        "t": 2,
                        "d": [
                          {
                            "k": "email",
                            "v": "kiho5044@gmail.com"
                          },
                          {
                            "k": "name",
                            "v": "MunChaeWon"
                          },
                          {
                            "k": "username",
                            "v": "MunChaeWon"
                          }
                        ]
                      }
                    },
                    {
                      "k": "committer",
                      "v": {
                        "t": 2,
                        "d": [
                          {
                            "k": "email",
                            "v": "kiho5044@gmail.com"
                          },
                          {
                            "k": "name",
                            "v": "MunChaeWon"
                          },
                          {
                            "k": "username",
                            "v": "MunChaeWon"
                          }
                        ]
                      }
                    },
                    {
                      "k": "distinct",
                      "v": true
                    },
                    {
                      "k": "id",
                      "v": "31dd02f56a1381e778cdcca7b21cc353d8da637a"
                    },
                    {
                      "k": "message",
                      "v": "Fix: 워크플로 6번째 줄 YML 문법 오류 정정"
                    },
                    {
                      "k": "timestamp",
                      "v": "2026-06-04T12:33:03+09:00"
                    },
                    {
                      "k": "tree_id",
                      "v": "8479745dbc859b6bb5ef246bef26fa396c665d25"
                    },
                    {
                      "k": "url",
                      "v": "https://github.com/MunChaeWon/unity-qa-automation-pipeline/commit/31dd02f56a1381e778cdcca7b21cc353d8da637a"
                    }
                  ]
                }
              },
              {
                "k": "pusher",
                "v": {
                  "t": 2,
                  "d": [
                    {
                      "k": "email",
                      "v": "85226429+MunChaeWon@users.noreply.github.com"
                    },
                    {
                      "k": "name",
                      "v": "MunChaeWon"
                    }
                  ]
                }
              },
              {
                "k": "ref",
                "v": "refs/heads/main"
              },
              {
                "k": "repository",
                "v": {
                  "t": 2,
                  "d": [
                    {
                      "k": "allow_forking",
                      "v": true
                    },
                    {
                      "k": "archive_url",
                      "v": "https://api.github.com/repos/MunChaeWon/unity-qa-automation-pipeline/{archive_format}{/ref}"
                    },
                    {
                      "k": "archived",
                      "v": false
                    },
                    {
                      "k": "assignees_url",
                      "v": "https://api.github.com/repos/MunChaeWon/unity-qa-automation-pipeline/assignees{/user}"
                    },
                    {
                      "k": "blobs_url",
                      "v": "https://api.github.com/repos/MunChaeWon/unity-qa-automation-pipeline/git/blobs{/sha}"
                    },
                    {
                      "k": "branches_url",
                      "v": "https://api.github.com/repos/MunChaeWon/unity-qa-automation-pipeline/branches{/branch}"
                    },
                    {
                      "k": "clone_url",
                      "v": "https://github.com/MunChaeWon/unity-qa-automation-pipeline.git"
                    },
                    {
                      "k": "collaborators_url",
                      "v": "https://api.github.com/repos/MunChaeWon/unity-qa-automation-pipeline/collaborators{/collaborator}"
                    },
                    {
                      "k": "comments_url",
                      "v": "https://api.github.com/repos/MunChaeWon/unity-qa-automation-pipeline/comments{/number}"
                    },
                    {
                      "k": "commits_url",
                      "v": "https://api.github.com/repos/MunChaeWon/unity-qa-automation-pipeline/commits{/sha}"
                    },
                    {
                      "k": "compare_url",
                      "v": "https://api.github.com/repos/MunChaeWon/unity-qa-automation-pipeline/compare/{base}...{head}"
                    },
                    {
                      "k": "contents_url",
                      "v": "https://api.github.com/repos/MunChaeWon/unity-qa-automation-pipeline/contents/{+path}"
                    },
                    {
                      "k": "contributors_url",
                      "v": "https://api.github.com/repos/MunChaeWon/unity-qa-automation-pipeline/contributors"
                    },
                    {
                      "k": "created_at",
                      "v": 1779160734.0
                    },
                    {
                      "k": "default_branch",
                      "v": "main"
                    },
                    {
                      "k": "deployments_url",
                      "v": "https://api.github.com/repos/MunChaeWon/unity-qa-automation-pipeline/deployments"
                    },
                    {
                      "k": "description",
                      "v": null
                    },
                    {
                      "k": "disabled",
                      "v": false
                    },
                    {
                      "k": "downloads_url",
                      "v": "https://api.github.com/repos/MunChaeWon/unity-qa-automation-pipeline/downloads"
                    },
                    {
                      "k": "events_url",
                      "v": "https://api.github.com/repos/MunChaeWon/unity-qa-automation-pipeline/events"
                    },
                    {
                      "k": "fork",
                      "v": false
                    },
                    {
                      "k": "forks",
                      "v": 0.0
                    },
                    {
                      "k": "forks_count",
                      "v": 0.0
                    },
                    {
                      "k": "forks_url",
                      "v": "https://api.github.com/repos/MunChaeWon/unity-qa-automation-pipeline/forks"
                    },
                    {
                      "k": "full_name",
                      "v": "MunChaeWon/unity-qa-automation-pipeline"
                    },
                    {
                      "k": "git_commits_url",
                      "v": "https://api.github.com/repos/MunChaeWon/unity-qa-automation-pipeline/git/commits{/sha}"
                    },
                    {
                      "k": "git_refs_url",
                      "v": "https://api.github.com/repos/MunChaeWon/unity-qa-automation-pipeline/git/refs{/sha}"
                    },
                    {
                      "k": "git_tags_url",
                      "v": "https://api.github.com/repos/MunChaeWon/unity-qa-automation-pipeline/git/tags{/sha}"
                    },
                    {
                      "k": "git_url",
                      "v": "git://github.com/MunChaeWon/unity-qa-automation-pipeline.git"
                    },
                    {
                      "k": "has_discussions",
                      "v": false
                    },
                    {
                      "k": "has_downloads",
                      "v": true
                    },
                    {
                      "k": "has_issues",
                      "v": true
                    },
                    {
                      "k": "has_pages",
                      "v": false
                    },
                    {
                      "k": "has_projects",
                      "v": true
                    },
                    {
                      "k": "has_pull_requests",
                      "v": true
                    },
                    {
                      "k": "has_wiki",
                      "v": true
                    },
                    {
                      "k": "homepage",
                      "v": null
                    },
                    {
                      "k": "hooks_url",
                      "v": "https://api.github.com/repos/MunChaeWon/unity-qa-automation-pipeline/hooks"
                    },
                    {
                      "k": "html_url",
                      "v": "https://github.com/MunChaeWon/unity-qa-automation-pipeline"
                    },
                    {
                      "k": "id",
                      "v": 1243086806.0
                    },
                    {
                      "k": "is_template",
                      "v": false
                    },
                    {
                      "k": "issue_comment_url",
                      "v": "https://api.github.com/repos/MunChaeWon/unity-qa-automation-pipeline/issues/comments{/number}"
                    },
                    {
                      "k": "issue_events_url",
                      "v": "https://api.github.com/repos/MunChaeWon/unity-qa-automation-pipeline/issues/events{/number}"
                    },
                    {
                      "k": "issues_url",
                      "v": "https://api.github.com/repos/MunChaeWon/unity-qa-automation-pipeline/issues{/number}"
                    },
                    {
                      "k": "keys_url",
                      "v": "https://api.github.com/repos/MunChaeWon/unity-qa-automation-pipeline/keys{/key_id}"
                    },
                    {
                      "k": "labels_url",
                      "v": "https://api.github.com/repos/MunChaeWon/unity-qa-automation-pipeline/labels{/name}"
                    },
                    {
                      "k": "language",
                      "v": "JavaScript"
                    },
                    {
                      "k": "languages_url",
                      "v": "https://api.github.com/repos/MunChaeWon/unity-qa-automation-pipeline/languages"
                    },
                    {
                      "k": "license",
                      "v": null
                    },
                    {
                      "k": "master_branch",
                      "v": "main"
                    },
                    {
                      "k": "merges_url",
                      "v": "https://api.github.com/repos/MunChaeWon/unity-qa-automation-pipeline/merges"
                    },
                    {
                      "k": "milestones_url",
                      "v": "https://api.github.com/repos/MunChaeWon/unity-qa-automation-pipeline/milestones{/number}"
                    },
                    {
                      "k": "mirror_url",
                      "v": null
                    },
                    {
                      "k": "name",
                      "v": "unity-qa-automation-pipeline"
                    },
                    {
                      "k": "node_id",
                      "v": "R_kgDOShf_1g"
                    },
                    {
                      "k": "notifications_url",
                      "v": "https://api.github.com/repos/MunChaeWon/unity-qa-automation-pipeline/notifications{?since,all,participating}"
                    },
                    {
                      "k": "open_issues",
                      "v": 0.0
                    },
                    {
                      "k": "open_issues_count",
                      "v": 0.0
                    },
                    {
                      "k": "owner",
                      "v": {
                        "t": 2,
                        "d": [
                          {
                            "k": "avatar_url",
                            "v": "https://avatars.githubusercontent.com/u/85226429?v=4"
                          },
                          {
                            "k": "email",
                            "v": "85226429+MunChaeWon@users.noreply.github.com"
                          },
                          {
                            "k": "events_url",
                            "v": "https://api.github.com/users/MunChaeWon/events{/privacy}"
                          },
                          {
                            "k": "followers_url",
                            "v": "https://api.github.com/users/MunChaeWon/followers"
                          },
                          {
                            "k": "following_url",
                            "v": "https://api.github.com/users/MunChaeWon/following{/other_user}"
                          },
                          {
                            "k": "gists_url",
                            "v": "https://api.github.com/users/MunChaeWon/gists{/gist_id}"
                          },
                          {
                            "k": "gravatar_id",
                            "v": ""
                          },
                          {
                            "k": "html_url",
                            "v": "https://github.com/MunChaeWon"
                          },
                          {
                            "k": "id",
                            "v": 85226429.0
                          },
                          {
                            "k": "login",
                            "v": "MunChaeWon"
                          },
                          {
                            "k": "name",
                            "v": "MunChaeWon"
                          },
                          {
                            "k": "node_id",
                            "v": "MDQ6VXNlcjg1MjI2NDI5"
                          },
                          {
                            "k": "organizations_url",
                            "v": "https://api.github.com/users/MunChaeWon/orgs"
                          },
                          {
                            "k": "received_events_url",
                            "v": "https://api.github.com/users/MunChaeWon/received_events"
                          },
                          {
                            "k": "repos_url",
                            "v": "https://api.github.com/users/MunChaeWon/repos"
                          },
                          {
                            "k": "site_admin",
                            "v": false
                          },
                          {
                            "k": "starred_url",
                            "v": "https://api.github.com/users/MunChaeWon/starred{/owner}{/repo}"
                          },
                          {
                            "k": "subscriptions_url",
                            "v": "https://api.github.com/users/MunChaeWon/subscriptions"
                          },
                          {
                            "k": "type",
                            "v": "User"
                          },
                          {
                            "k": "url",
                            "v": "https://api.github.com/users/MunChaeWon"
                          },
                          {
                            "k": "user_view_type",
                            "v": "public"
                          }
                        ]
                      }
                    },
                    {
                      "k": "private",
                      "v": false
                    },
                    {
                      "k": "pull_request_creation_policy",
                      "v": "all"
                    },
                    {
                      "k": "pulls_url",
                      "v": "https://api.github.com/repos/MunChaeWon/unity-qa-automation-pipeline/pulls{/number}"
                    },
                    {
                      "k": "pushed_at",
                      "v": 1780543991.0
                    },
                    {
                      "k": "releases_url",
                      "v": "https://api.github.com/repos/MunChaeWon/unity-qa-automation-pipeline/releases{/id}"
                    },
                    {
                      "k": "size",
                      "v": 25730.0
                    },
                    {
                      "k": "ssh_url",
                      "v": "git@github.com:MunChaeWon/unity-qa-automation-pipeline.git"
                    },
                    {
                      "k": "stargazers",
                      "v": 0.0
                    },
                    {
                      "k": "stargazers_count",
                      "v": 0.0
                    },
                    {
                      "k": "stargazers_url",
                      "v": "https://api.github.com/repos/MunChaeWon/unity-qa-automation-pipeline/stargazers"
                    },
                    {
                      "k": "statuses_url",
                      "v": "https://api.github.com/repos/MunChaeWon/unity-qa-automation-pipeline/statuses/{sha}"
                    },
                    {
                      "k": "subscribers_url",
                      "v": "https://api.github.com/repos/MunChaeWon/unity-qa-automation-pipeline/subscribers"
                    },
                    {
                      "k": "subscription_url",
                      "v": "https://api.github.com/repos/MunChaeWon/unity-qa-automation-pipeline/subscription"
                    },
                    {
                      "k": "svn_url",
                      "v": "https://github.com/MunChaeWon/unity-qa-automation-pipeline"
                    },
                    {
                      "k": "tags_url",
                      "v": "https://api.github.com/repos/MunChaeWon/unity-qa-automation-pipeline/tags"
                    },
                    {
                      "k": "teams_url",
                      "v": "https://api.github.com/repos/MunChaeWon/unity-qa-automation-pipeline/teams"
                    },
                    {
                      "k": "topics",
                      "v": {
                        "t": 1
                      }
                    },
                    {
                      "k": "trees_url",
                      "v": "https://api.github.com/repos/MunChaeWon/unity-qa-automation-pipeline/git/trees{/sha}"
                    },
                    {
                      "k": "updated_at",
                      "v": "2026-06-04T03:30:23Z"
                    },
                    {
                      "k": "url",
                      "v": "https://api.github.com/repos/MunChaeWon/unity-qa-automation-pipeline"
                    },
                    {
                      "k": "visibility",
                      "v": "public"
                    },
                    {
                      "k": "watchers",
                      "v": 0.0
                    },
                    {
                      "k": "watchers_count",
                      "v": 0.0
                    },
                    {
                      "k": "web_commit_signoff_required",
                      "v": false
                    }
                  ]
                }
              },
              {
                "k": "sender",
                "v": {
                  "t": 2,
                  "d": [
                    {
                      "k": "avatar_url",
                      "v": "https://avatars.githubusercontent.com/u/85226429?v=4"
                    },
                    {
                      "k": "events_url",
                      "v": "https://api.github.com/users/MunChaeWon/events{/privacy}"
                    },
                    {
                      "k": "followers_url",
                      "v": "https://api.github.com/users/MunChaeWon/followers"
                    },
                    {
                      "k": "following_url",
                      "v": "https://api.github.com/users/MunChaeWon/following{/other_user}"
                    },
                    {
                      "k": "gists_url",
                      "v": "https://api.github.com/users/MunChaeWon/gists{/gist_id}"
                    },
                    {
                      "k": "gravatar_id",
                      "v": ""
                    },
                    {
                      "k": "html_url",
                      "v": "https://github.com/MunChaeWon"
                    },
                    {
                      "k": "id",
                      "v": 85226429.0
                    },
                    {
                      "k": "login",
                      "v": "MunChaeWon"
                    },
                    {
                      "k": "node_id",
                      "v": "MDQ6VXNlcjg1MjI2NDI5"
                    },
                    {
                      "k": "organizations_url",
                      "v": "https://api.github.com/users/MunChaeWon/orgs"
                    },
                    {
                      "k": "received_events_url",
                      "v": "https://api.github.com/users/MunChaeWon/received_events"
                    },
                    {
                      "k": "repos_url",
                      "v": "https://api.github.com/users/MunChaeWon/repos"
                    },
                    {
                      "k": "site_admin",
                      "v": false
                    },
                    {
                      "k": "starred_url",
                      "v": "https://api.github.com/users/MunChaeWon/starred{/owner}{/repo}"
                    },
                    {
                      "k": "subscriptions_url",
                      "v": "https://api.github.com/users/MunChaeWon/subscriptions"
                    },
                    {
                      "k": "type",
                      "v": "User"
                    },
                    {
                      "k": "url",
                      "v": "https://api.github.com/users/MunChaeWon"
                    },
                    {
                      "k": "user_view_type",
                      "v": "public"
                    }
                  ]
                }
              }
            ]
          }
        },
        {
          "k": "workflow_ref",
          "v": "MunChaeWon/unity-qa-automation-pipeline/.github/workflows/unity-regression.yml@refs/heads/main"
        },
        {
          "k": "workflow_sha",
          "v": "31dd02f56a1381e778cdcca7b21cc353d8da637a"
        },
        {
          "k": "repository_id",
          "v": "1243086806"
        },
        {
          "k": "triggering_actor",
          "v": "MunChaeWon"
        }
      ]
    },
    "inputs": {
      "t": 2
    },
    "job": {
      "t": 2,
      "d": [
        {
          "k": "check_run_id",
          "v": 79444080966.0
        },
        {
          "k": "workflow_ref",
          "v": "MunChaeWon/unity-qa-automation-pipeline/.github/workflows/unity-regression.yml@refs/heads/main"
        },
        {
          "k": "workflow_sha",
          "v": "31dd02f56a1381e778cdcca7b21cc353d8da637a"
        },
        {
          "k": "workflow_repository",
          "v": "MunChaeWon/unity-qa-automation-pipeline"
        },
        {
          "k": "workflow_file_path",
          "v": ".github/workflows/unity-regression.yml"
        }
      ]
    },
    "matrix": null,
    "needs": {
      "t": 2
    },
    "strategy": {
      "t": 2,
      "d": [
        {
          "k": "fail-fast",
          "v": true
        },
        {
          "k": "job-index",
          "v": 0.0
        },
        {
          "k": "job-total",
          "v": 1.0
        },
        {
          "k": "max-parallel",
          "v": 1.0
        }
      ]
    },
    "vars": {
      "t": 2
    }
  },
  "billingOwnerId": "U_kgDOBRRzvQ"
}
[2026-06-04 03:33:17Z INFO JobRunner] Job ID cad485a7-6b69-594e-b03f-706680b08d3c
[2026-06-04 03:33:17Z INFO ConfigurationStore] currentAssemblyLocation: D:\funity\Test1\actions-runner\bin\Runner.Worker.dll
[2026-06-04 03:33:17Z INFO HostContext] Well known directory 'Bin': 'D:\funity\Test1\actions-runner\bin'
[2026-06-04 03:33:17Z INFO ConfigurationStore] binPath: D:\funity\Test1\actions-runner\bin
[2026-06-04 03:33:17Z INFO HostContext] Well known directory 'Bin': 'D:\funity\Test1\actions-runner\bin'
[2026-06-04 03:33:17Z INFO HostContext] Well known directory 'Root': 'D:\funity\Test1\actions-runner'
[2026-06-04 03:33:17Z INFO ConfigurationStore] RootFolder: D:\funity\Test1\actions-runner
[2026-06-04 03:33:17Z INFO HostContext] Well known directory 'Bin': 'D:\funity\Test1\actions-runner\bin'
[2026-06-04 03:33:17Z INFO HostContext] Well known directory 'Root': 'D:\funity\Test1\actions-runner'
[2026-06-04 03:33:17Z INFO HostContext] Well known config file 'Runner': 'D:\funity\Test1\actions-runner\.runner'
[2026-06-04 03:33:17Z INFO ConfigurationStore] ConfigFilePath: D:\funity\Test1\actions-runner\.runner
[2026-06-04 03:33:17Z INFO HostContext] Well known directory 'Bin': 'D:\funity\Test1\actions-runner\bin'
[2026-06-04 03:33:17Z INFO HostContext] Well known directory 'Root': 'D:\funity\Test1\actions-runner'
[2026-06-04 03:33:17Z INFO HostContext] Well known config file 'MigratedRunner': 'D:\funity\Test1\actions-runner\.runner_migrated'
[2026-06-04 03:33:17Z INFO ConfigurationStore] MigratedConfigFilePath: D:\funity\Test1\actions-runner\.runner_migrated
[2026-06-04 03:33:17Z INFO HostContext] Well known directory 'Bin': 'D:\funity\Test1\actions-runner\bin'
[2026-06-04 03:33:17Z INFO HostContext] Well known directory 'Root': 'D:\funity\Test1\actions-runner'
[2026-06-04 03:33:17Z INFO HostContext] Well known config file 'Credentials': 'D:\funity\Test1\actions-runner\.credentials'
[2026-06-04 03:33:17Z INFO ConfigurationStore] CredFilePath: D:\funity\Test1\actions-runner\.credentials
[2026-06-04 03:33:17Z INFO HostContext] Well known directory 'Bin': 'D:\funity\Test1\actions-runner\bin'
[2026-06-04 03:33:17Z INFO HostContext] Well known directory 'Root': 'D:\funity\Test1\actions-runner'
[2026-06-04 03:33:17Z INFO HostContext] Well known config file 'MigratedCredentials': 'D:\funity\Test1\actions-runner\.credentials_migrated'
[2026-06-04 03:33:17Z INFO ConfigurationStore] MigratedCredFilePath: D:\funity\Test1\actions-runner\.credentials_migrated
[2026-06-04 03:33:17Z INFO HostContext] Well known directory 'Bin': 'D:\funity\Test1\actions-runner\bin'
[2026-06-04 03:33:17Z INFO HostContext] Well known directory 'Root': 'D:\funity\Test1\actions-runner'
[2026-06-04 03:33:17Z INFO HostContext] Well known config file 'Service': 'D:\funity\Test1\actions-runner\.service'
[2026-06-04 03:33:17Z INFO ConfigurationStore] ServiceConfigFilePath: D:\funity\Test1\actions-runner\.service
[2026-06-04 03:33:17Z INFO ConfigurationStore] Read setting file: 418 chars
[2026-06-04 03:33:17Z INFO JobRunner] Initializing launch client
[2026-06-04 03:33:17Z INFO JobServerQueue] Initializing results client
[2026-06-04 03:33:17Z INFO ResultServer] Creating websocket client ...wss://results-receiver.actions.githubusercontent.com/_ws/ingest.sock
[2026-06-04 03:33:17Z INFO ResultServer] Attempting to start websocket client with delay 00:00:00.
[2026-06-04 03:33:17Z INFO JobServerQueue] Start process web console line queue.
[2026-06-04 03:33:17Z INFO JobServerQueue] Start process file upload queue.
[2026-06-04 03:33:17Z INFO JobServerQueue] Start results file upload queue.
[2026-06-04 03:33:17Z INFO JobServerQueue] Starting results-based upload queue...
[2026-06-04 03:33:17Z INFO JobServerQueue] Start process timeline update queue.
[2026-06-04 03:33:17Z INFO ExecutionContext] Initializing Job context
[2026-06-04 03:33:17Z INFO ExecutionContext] Initialize GitHub context
[2026-06-04 03:33:17Z INFO ExecutionContext] Initialize Env context
[2026-06-04 03:33:17Z INFO HostContext] Well known directory 'Bin': 'D:\funity\Test1\actions-runner\bin'
[2026-06-04 03:33:17Z INFO HostContext] Well known directory 'Root': 'D:\funity\Test1\actions-runner'
[2026-06-04 03:33:17Z INFO HostContext] Well known directory 'Diag': 'D:\funity\Test1\actions-runner\_diag'
[2026-06-04 03:33:17Z INFO HostContext] Well known directory 'Bin': 'D:\funity\Test1\actions-runner\bin'
[2026-06-04 03:33:17Z INFO HostContext] Well known directory 'Root': 'D:\funity\Test1\actions-runner'
[2026-06-04 03:33:17Z INFO HostContext] Well known directory 'Diag': 'D:\funity\Test1\actions-runner\_diag'
[2026-06-04 03:33:17Z INFO JobRunner] Starting the job execution context.
[2026-06-04 03:33:17Z INFO HostContext] Well known directory 'Bin': 'D:\funity\Test1\actions-runner\bin'
[2026-06-04 03:33:17Z INFO HostContext] Well known directory 'Root': 'D:\funity\Test1\actions-runner'
[2026-06-04 03:33:17Z INFO HostContext] Well known directory 'Work': 'D:\funity\Test1\actions-runner\_work'
[2026-06-04 03:33:17Z INFO JobRunner] Validating directory permissions for: 'D:\funity\Test1\actions-runner\_work'
[2026-06-04 03:33:17Z INFO HostContext] Well known directory 'Bin': 'D:\funity\Test1\actions-runner\bin'
[2026-06-04 03:33:17Z INFO HostContext] Well known directory 'Root': 'D:\funity\Test1\actions-runner'
[2026-06-04 03:33:17Z INFO HostContext] Well known directory 'Work': 'D:\funity\Test1\actions-runner\_work'
[2026-06-04 03:33:17Z INFO HostContext] Well known directory 'Tools': 'D:\funity\Test1\actions-runner\_work\_tool'
[2026-06-04 03:33:17Z INFO HostContext] Well known directory 'Bin': 'D:\funity\Test1\actions-runner\bin'
[2026-06-04 03:33:17Z INFO HostContext] Well known directory 'Root': 'D:\funity\Test1\actions-runner'
[2026-06-04 03:33:17Z INFO HostContext] Well known directory 'Work': 'D:\funity\Test1\actions-runner\_work'
[2026-06-04 03:33:17Z INFO HostContext] Well known directory 'Temp': 'D:\funity\Test1\actions-runner\_work\_temp'
[2026-06-04 03:33:17Z INFO JobRunner] Getting job extension.
[2026-06-04 03:33:17Z INFO JobRunner] Initialize job. Getting all job steps.
[2026-06-04 03:33:17Z INFO HostContext] Well known directory 'Bin': 'D:\funity\Test1\actions-runner\bin'
[2026-06-04 03:33:17Z INFO HostContext] Well known directory 'Root': 'D:\funity\Test1\actions-runner'
[2026-06-04 03:33:17Z INFO HostContext] Well known directory 'Diag': 'D:\funity\Test1\actions-runner\_diag'
[2026-06-04 03:33:17Z INFO HostContext] Well known directory 'Bin': 'D:\funity\Test1\actions-runner\bin'
[2026-06-04 03:33:17Z INFO HostContext] Well known directory 'Root': 'D:\funity\Test1\actions-runner'
[2026-06-04 03:33:17Z INFO HostContext] Well known directory 'Diag': 'D:\funity\Test1\actions-runner\_diag'
[2026-06-04 03:33:17Z INFO HostContext] Well known directory 'Bin': 'D:\funity\Test1\actions-runner\bin'
[2026-06-04 03:33:17Z INFO HostContext] Well known directory 'Root': 'D:\funity\Test1\actions-runner'
[2026-06-04 03:33:17Z INFO HostContext] Well known config file 'Credentials': 'D:\funity\Test1\actions-runner\.credentials'
[2026-06-04 03:33:17Z INFO HostContext] Well known directory 'Bin': 'D:\funity\Test1\actions-runner\bin'
[2026-06-04 03:33:17Z INFO HostContext] Well known directory 'Root': 'D:\funity\Test1\actions-runner'
[2026-06-04 03:33:17Z INFO HostContext] Well known config file 'SetupInfo': 'D:\funity\Test1\actions-runner\.setup_info'
[2026-06-04 03:33:17Z INFO HostContext] Well known directory 'Bin': 'D:\funity\Test1\actions-runner\bin'
[2026-06-04 03:33:17Z INFO HostContext] Well known directory 'Root': 'D:\funity\Test1\actions-runner'
[2026-06-04 03:33:17Z INFO HostContext] Well known directory 'Work': 'D:\funity\Test1\actions-runner\_work'
[2026-06-04 03:33:17Z INFO PipelineDirectoryManager] Loading tracking config if exists: D:\funity\Test1\actions-runner\_work\_PipelineMapping\MunChaeWon/unity-qa-automation-pipeline\PipelineFolder.json
[2026-06-04 03:33:17Z INFO PipelineDirectoryManager] Creating a new tracking config file.
[2026-06-04 03:33:17Z INFO HostContext] Well known directory 'Bin': 'D:\funity\Test1\actions-runner\bin'
[2026-06-04 03:33:17Z INFO HostContext] Well known directory 'Root': 'D:\funity\Test1\actions-runner'
[2026-06-04 03:33:17Z INFO HostContext] Well known directory 'Work': 'D:\funity\Test1\actions-runner\_work'
[2026-06-04 03:33:17Z INFO PipelineDirectoryManager] Creating pipeline directory.
[2026-06-04 03:33:17Z INFO HostContext] Well known directory 'Bin': 'D:\funity\Test1\actions-runner\bin'
[2026-06-04 03:33:17Z INFO HostContext] Well known directory 'Root': 'D:\funity\Test1\actions-runner'
[2026-06-04 03:33:17Z INFO HostContext] Well known directory 'Work': 'D:\funity\Test1\actions-runner\_work'
[2026-06-04 03:33:17Z INFO PipelineDirectoryManager] Creating workspace directory.
[2026-06-04 03:33:17Z INFO HostContext] Well known directory 'Bin': 'D:\funity\Test1\actions-runner\bin'
[2026-06-04 03:33:17Z INFO HostContext] Well known directory 'Root': 'D:\funity\Test1\actions-runner'
[2026-06-04 03:33:17Z INFO HostContext] Well known directory 'Work': 'D:\funity\Test1\actions-runner\_work'
[2026-06-04 03:33:17Z INFO JobExtension] Downloading actions
[2026-06-04 03:33:17Z INFO HostContext] Well known directory 'Bin': 'D:\funity\Test1\actions-runner\bin'
[2026-06-04 03:33:17Z INFO HostContext] Well known directory 'Root': 'D:\funity\Test1\actions-runner'
[2026-06-04 03:33:17Z INFO HostContext] Well known directory 'Work': 'D:\funity\Test1\actions-runner\_work'
[2026-06-04 03:33:17Z INFO HostContext] Well known directory 'Actions': 'D:\funity\Test1\actions-runner\_work\_actions'
[2026-06-04 03:33:17Z INFO Worker] Listening for cancel message from the channel.
[2026-06-04 03:33:17Z INFO Worker] Waiting for the job to complete or for a cancel message from the channel.
[2026-06-04 03:33:18Z INFO ResultServer] Successfully started websocket client.
[2026-06-04 03:33:18Z INFO JobServerQueue] Try to append 1 batches web console lines for record 'edacb052-c85d-4b08-b6bc-a182ef781606', success rate: 1/1.
[2026-06-04 03:33:18Z ERR  GitHubActionsService] POST request to https://launch.actions.githubusercontent.com/actions/build/2985a02f-429b-4574-9b58-41a8edbd20ed/jobs/cad485a7-6b69-594e-b03f-706680b08d3c/runnerresolve/actions failed. HTTP Status: UnprocessableEntity
[2026-06-04 03:33:18Z ERR  JobExtension] Caught exception from JobExtension Initialization: GitHub.DistributedTask.WebApi.UnresolvableActionDownloadInfoException: Unable to resolve action actions/actions-runner-win-x64, repository not found
   at GitHub.Services.Launch.Client.LaunchHttpClient.GetResolveActionsDownloadInfoAsyncV2(Guid planId, Guid jobId, ActionReferenceList actionReferenceList, CancellationToken cancellationToken)
   at GitHub.Runner.Worker.ActionManager.GetDownloadInfoAsync(IExecutionContext executionContext, List`1 actions)
   at GitHub.Runner.Worker.ActionManager.GetDownloadInfoAsync(IExecutionContext executionContext, List`1 actions)
   at GitHub.Runner.Worker.ActionManager.PrepareActionsRecursiveLegacyAsync(IExecutionContext executionContext, PrepareActionsState state, IEnumerable`1 actions, Int32 depth, Guid parentStepId)
   at GitHub.Runner.Worker.ActionManager.PrepareActionsAsync(IExecutionContext executionContext, IEnumerable`1 steps, Guid rootStepId)
   at GitHub.Runner.Worker.JobExtension.InitializeJob(IExecutionContext jobContext, AgentJobRequestMessage message)
[2026-06-04 03:33:18Z INFO ExecutionContext] Publish step telemetry for current step {
  "action": "setup_job",
  "type": "runner",
  "stage": "Pre",
  "stepId": "edacb052-c85d-4b08-b6bc-a182ef781606",
  "result": "failed",
  "errorMessages": [
    "Unable to resolve action actions/actions-runner-win-x64, repository not found"
  ],
  "executionTimeInSeconds": 2,
  "startTime": "2026-06-04T03:33:17.2579662Z",
  "finishTime": "2026-06-04T03:33:18.4576093Z"
}.
[2026-06-04 03:33:18Z ERR  JobRunner] Job initialize failed.
[2026-06-04 03:33:18Z ERR  JobRunner] Caught exception from InitializeJob: GitHub.DistributedTask.WebApi.UnresolvableActionDownloadInfoException: Unable to resolve action actions/actions-runner-win-x64, repository not found
   at GitHub.Services.Launch.Client.LaunchHttpClient.GetResolveActionsDownloadInfoAsyncV2(Guid planId, Guid jobId, ActionReferenceList actionReferenceList, CancellationToken cancellationToken)
   at GitHub.Runner.Worker.ActionManager.GetDownloadInfoAsync(IExecutionContext executionContext, List`1 actions)
   at GitHub.Runner.Worker.ActionManager.GetDownloadInfoAsync(IExecutionContext executionContext, List`1 actions)
   at GitHub.Runner.Worker.ActionManager.PrepareActionsRecursiveLegacyAsync(IExecutionContext executionContext, PrepareActionsState state, IEnumerable`1 actions, Int32 depth, Guid parentStepId)
   at GitHub.Runner.Worker.ActionManager.PrepareActionsAsync(IExecutionContext executionContext, IEnumerable`1 steps, Guid rootStepId)
   at GitHub.Runner.Worker.JobExtension.InitializeJob(IExecutionContext jobContext, AgentJobRequestMessage message)
   at GitHub.Runner.Worker.JobRunner.RunAsync(AgentJobRequestMessage message, CancellationToken jobRequestCancellationToken)
[2026-06-04 03:33:18Z INFO JobRunner] Shutting down the job server queue.
[2026-06-04 03:33:18Z INFO JobServerQueue] Fire signal to shutdown all queues.
[2026-06-04 03:33:18Z INFO JobServerQueue] Job timeline record has been updated for the first time.
[2026-06-04 03:33:19Z INFO JobServerQueue] All queue process task stopped.
[2026-06-04 03:33:19Z INFO JobServerQueue] Try to append 1 batches web console lines for record 'edacb052-c85d-4b08-b6bc-a182ef781606', success rate: 1/1.
[2026-06-04 03:33:19Z INFO JobServerQueue] Web console line queue drained.
[2026-06-04 03:33:19Z INFO JobServerQueue] Uploading 2 files in one shot.
[2026-06-04 03:33:19Z INFO JobServerQueue] Try to upload 2 log files or attachments, success rate: 2/2.
[2026-06-04 03:33:19Z INFO JobServerQueue] File upload queue drained.
[2026-06-04 03:33:19Z INFO JobServerQueue] Starting results-based upload queue...
[2026-06-04 03:33:19Z INFO JobServerQueue] Uploading 2 file(s) in one shot through results service.
[2026-06-04 03:33:19Z INFO JobServerQueue] Got a step log file to send to results service.
[2026-06-04 03:33:19Z INFO JobServerQueue] Starting upload of step log file to results service ResultsLog, D:\funity\Test1\actions-runner\_diag\blocks\2985a02f-429b-4574-9b58-41a8edbd20ed_edacb052-c85d-4b08-b6bc-a182ef781606.1
[2026-06-04 03:33:20Z INFO JobServerQueue] Got a job log file to send to results service.
[2026-06-04 03:33:20Z INFO JobServerQueue] Starting upload of job log file to results service ResultsLog, D:\funity\Test1\actions-runner\_diag\blocks\2985a02f-429b-4574-9b58-41a8edbd20ed_cad485a7-6b69-594e-b03f-706680b08d3c.1
[2026-06-04 03:33:21Z INFO JobServerQueue] Tried to upload 2 file(s) to results, success rate: 2/2.
[2026-06-04 03:33:21Z INFO JobServerQueue] Results upload queue drained.
[2026-06-04 03:33:21Z INFO JobServerQueue] Timeline update queue drained.
[2026-06-04 03:33:21Z INFO JobServerQueue] Disposing job server ...
[2026-06-04 03:33:21Z INFO JobServerQueue] Disposing results server ...
[2026-06-04 03:33:21Z INFO JobServerQueue] All queue process tasks have been stopped, and all queues are drained.
[2026-06-04 03:33:21Z INFO TempDirectoryManager] Cleaning runner temp folder: D:\funity\Test1\actions-runner\_work\_temp
[2026-06-04 03:33:21Z INFO HostContext] Well known directory 'Bin': 'D:\funity\Test1\actions-runner\bin'
[2026-06-04 03:33:21Z INFO HostContext] Well known directory 'Root': 'D:\funity\Test1\actions-runner'
[2026-06-04 03:33:21Z INFO HostContext] Well known directory 'Diag': 'D:\funity\Test1\actions-runner\_diag'
[2026-06-04 03:33:21Z INFO HostContext] Well known config file 'Telemetry': 'D:\funity\Test1\actions-runner\_diag\.telemetry'
[2026-06-04 03:33:21Z INFO JobRunner] Raising job completed against run service
[2026-06-04 03:33:22Z INFO Worker] Job completed.
